Component: ARM Compiler 5.06 update 5 (build 528) Tool: armlink [4d35e2]

==============================================================================

Section Cross References

    startup_stm32f405xx.o(STACK) refers (Special) to heapauxi.o(.text) for __use_two_region_memory
    startup_stm32f405xx.o(HEAP) refers (Special) to heapauxi.o(.text) for __use_two_region_memory
    startup_stm32f405xx.o(RESET) refers (Special) to heapauxi.o(.text) for __use_two_region_memory
    startup_stm32f405xx.o(RESET) refers to startup_stm32f405xx.o(STACK) for __initial_sp
    startup_stm32f405xx.o(RESET) refers to startup_stm32f405xx.o(.text) for Reset_Handler
    startup_stm32f405xx.o(RESET) refers to stm32f4xx_it.o(i.NMI_Handler) for NMI_Handler
    startup_stm32f405xx.o(RESET) refers to stm32f4xx_it.o(i.HardFault_Handler) for HardFault_Handler
    startup_stm32f405xx.o(RESET) refers to stm32f4xx_it.o(i.MemManage_Handler) for MemManage_Handler
    startup_stm32f405xx.o(RESET) refers to stm32f4xx_it.o(i.BusFault_Handler) for BusFault_Handler
    startup_stm32f405xx.o(RESET) refers to stm32f4xx_it.o(i.UsageFault_Handler) for UsageFault_Handler
    startup_stm32f405xx.o(RESET) refers to port.o(.emb_text) for SVC_Handler
    startup_stm32f405xx.o(RESET) refers to stm32f4xx_it.o(i.DebugMon_Handler) for DebugMon_Handler
    startup_stm32f405xx.o(RESET) refers to cmsis_os2.o(i.SysTick_Handler) for SysTick_Handler
    startup_stm32f405xx.o(RESET) refers to stm32f4xx_it.o(i.DMA1_Stream5_IRQHandler) for DMA1_Stream5_IRQHandler
    startup_stm32f405xx.o(RESET) refers to stm32f4xx_it.o(i.DMA1_Stream6_IRQHandler) for DMA1_Stream6_IRQHandler
    startup_stm32f405xx.o(RESET) refers to stm32f4xx_it.o(i.CAN1_RX0_IRQHandler) for CAN1_RX0_IRQHandler
    startup_stm32f405xx.o(RESET) refers to stm32f4xx_it.o(i.CAN1_RX1_IRQHandler) for CAN1_RX1_IRQHandler
    startup_stm32f405xx.o(RESET) refers to stm32f4xx_it.o(i.TIM1_UP_TIM10_IRQHandler) for TIM1_UP_TIM10_IRQHandler
    startup_stm32f405xx.o(RESET) refers to stm32f4xx_it.o(i.TIM2_IRQHandler) for TIM2_IRQHandler
    startup_stm32f405xx.o(RESET) refers to stm32f4xx_it.o(i.TIM3_IRQHandler) for TIM3_IRQHandler
    startup_stm32f405xx.o(RESET) refers to stm32f4xx_it.o(i.USART2_IRQHandler) for USART2_IRQHandler
    startup_stm32f405xx.o(RESET) refers to stm32f4xx_it.o(i.CAN2_RX0_IRQHandler) for CAN2_RX0_IRQHandler
    startup_stm32f405xx.o(RESET) refers to stm32f4xx_it.o(i.CAN2_RX1_IRQHandler) for CAN2_RX1_IRQHandler
    startup_stm32f405xx.o(.text) refers (Special) to heapauxi.o(.text) for __use_two_region_memory
    startup_stm32f405xx.o(.text) refers to system_stm32f4xx.o(i.SystemInit) for SystemInit
    startup_stm32f405xx.o(.text) refers to __main.o(!!!main) for __main
    startup_stm32f405xx.o(.text) refers to startup_stm32f405xx.o(HEAP) for Heap_Mem
    startup_stm32f405xx.o(.text) refers to startup_stm32f405xx.o(STACK) for Stack_Mem
    main.o(i.HAL_TIM_PeriodElapsedCallback) refers to stm32f4xx_hal.o(i.HAL_IncTick) for HAL_IncTick
    main.o(i.HAL_TIM_PeriodElapsedCallback) refers to vescmotor.o(i.VescFunc) for VescFunc
    main.o(i.HAL_TIM_PeriodElapsedCallback) refers to zdrive.o(i.ZdriveFunc) for ZdriveFunc
    main.o(i.HAL_TIM_PeriodElapsedCallback) refers to canqueue.o(i.CAN_Queue_IsFull) for CAN_Queue_IsFull
    main.o(i.HAL_TIM_PeriodElapsedCallback) refers to canqueue.o(i.CAN_Queue_Dequeue) for CAN_Queue_Dequeue
    main.o(i.HAL_TIM_PeriodElapsedCallback) refers to main.o(.data) for .data
    main.o(i.HAL_TIM_PeriodElapsedCallback) refers to vescmotor.o(.bss) for Vescmotor
    main.o(i.HAL_TIM_PeriodElapsedCallback) refers to zdrive.o(.bss) for Zmotor
    main.o(i.HAL_TIM_PeriodElapsedCallback) refers to chassis.o(.bss) for Answer_queue
    main.o(i.SystemClock_Config) refers to rt_memclr_w.o(.text) for __aeabi_memclr4
    main.o(i.SystemClock_Config) refers to stm32f4xx_hal_rcc.o(i.HAL_RCC_OscConfig) for HAL_RCC_OscConfig
    main.o(i.SystemClock_Config) refers to stm32f4xx_hal_rcc.o(i.HAL_RCC_ClockConfig) for HAL_RCC_ClockConfig
    main.o(i.main) refers to stm32f4xx_hal.o(i.HAL_Init) for HAL_Init
    main.o(i.main) refers to djmotor.o(i.DJMotorInit) for DJMotorInit
    main.o(i.main) refers to vescmotor.o(i.VescInit) for VescInit
    main.o(i.main) refers to zdrive.o(i.ZdriveInit) for ZdriveInit
    main.o(i.main) refers to canqueue.o(i.CAN_Queue_Init) for CAN_Queue_Init
    main.o(i.main) refers to main.o(i.SystemClock_Config) for SystemClock_Config
    main.o(i.main) refers to gpio.o(i.MX_GPIO_Init) for MX_GPIO_Init
    main.o(i.main) refers to dma.o(i.MX_DMA_Init) for MX_DMA_Init
    main.o(i.main) refers to can.o(i.MX_CAN1_Init) for MX_CAN1_Init
    main.o(i.main) refers to tim.o(i.MX_TIM3_Init) for MX_TIM3_Init
    main.o(i.main) refers to can.o(i.MX_CAN2_Init) for MX_CAN2_Init
    main.o(i.main) refers to tim.o(i.MX_TIM2_Init) for MX_TIM2_Init
    main.o(i.main) refers to usart.o(i.MX_USART2_UART_Init) for MX_USART2_UART_Init
[...]
    x$fpl$d2f                                0x08006144   Section       98  d2f.o(x$fpl$d2f)
    $v0                                      0x08006144   Number         0  d2f.o(x$fpl$d2f)
    x$fpl$ddiv                               0x080061a8   Section      688  ddiv.o(x$fpl$ddiv)
    $v0                                      0x080061a8   Number         0  ddiv.o(x$fpl$ddiv)
    ddiv_entry                               0x080061af   Thumb Code     0  ddiv.o(x$fpl$ddiv)
    x$fpl$dflt                               0x08006458   Section       46  dflt_clz.o(x$fpl$dflt)
    $v0                                      0x08006458   Number         0  dflt_clz.o(x$fpl$dflt)
    x$fpl$dnaninf                            0x08006486   Section      156  dnaninf.o(x$fpl$dnaninf)
    $v0                                      0x08006486   Number         0  dnaninf.o(x$fpl$dnaninf)
    x$fpl$dretinf                            0x08006522   Section       12  dretinf.o(x$fpl$dretinf)
    $v0                                      0x08006522   Number         0  dretinf.o(x$fpl$dretinf)
    x$fpl$fpinit                             0x0800652e   Section       10  fpinit.o(x$fpl$fpinit)
    $v0                                      0x0800652e   Number         0  fpinit.o(x$fpl$fpinit)
    x$fpl$fretinf                            0x08006538   Section       10  fretinf.o(x$fpl$fretinf)
    $v0                                      0x08006538   Number         0  fretinf.o(x$fpl$fretinf)
    x$fpl$usenofp                            0x08006542   Section        0  usenofp.o(x$fpl$usenofp)
    .constdata                               0x08006544   Section       72  freertos.o(.constdata)
    .constdata                               0x0800658c   Section        8  stm32f4xx_hal_dma.o(.constdata)
    flagBitshiftOffset                       0x0800658c   Data           8  stm32f4xx_hal_dma.o(.constdata)
    .constdata                               0x08006594   Section       16  system_stm32f4xx.o(.constdata)
    .constdata                               0x080065a4   Section        8  system_stm32f4xx.o(.constdata)
    .conststring                             0x080065ac   Section       20  freertos.o(.conststring)
    .data                                    0x20000000   Section       12  main.o(.data)
    ErrorCnt                                 0x20000001   Data           1  main.o(.data)
    VESCCount                                0x20000004   Data           4  main.o(.data)
    ZDriveCount                              0x20000008   Data           4  main.o(.data)
    .data                                    0x2000000c   Section        8  freertos.o(.data)
    .data                                    0x20000014   Section        4  can.o(.data)
    HAL_RCC_CAN1_CLK_ENABLED                 0x20000014   Data           4  can.o(.data)
    .data                                    0x20000018   Section       12  stm32f4xx_hal.o(.data)
    .data                                    0x20000024   Section        4  system_stm32f4xx.o(.data)
    .data                                    0x20000028   Section       60  tasks.o(.data)
    uxDeletedTasksWaitingCleanUp             0x2000002c   Data           4  tasks.o(.data)
    uxCurrentNumberOfTasks                   0x20000030   Data           4  tasks.o(.data)
    xTickCount                               0x20000034   Data           4  tasks.o(.data)
    uxTopReadyPriority                       0x20000038   Data           4  tasks.o(.data)
    xSchedulerRunning                        0x2000003c   Data           4  tasks.o(.data)
    xPendedTicks                             0x20000040   Data           4  tasks.o(.data)
    xYieldPending                            0x20000044   Data           4  tasks.o(.data)
    xNumOfOverflows                          0x20000048   Data           4  tasks.o(.data)
    uxTaskNumber                             0x2000004c   Data           4  tasks.o(.data)
    xNextTaskUnblockTime                     0x20000050   Data           4  tasks.o(.data)
    xIdleTaskHandle                          0x20000054   Data           4  tasks.o(.data)
    uxSchedulerSuspended                     0x20000058   Data           4  tasks.o(.data)
    pxDelayedTaskList                        0x2000005c   Data           4  tasks.o(.data)
    pxOverflowDelayedTaskList                0x20000060   Data           4  tasks.o(.data)
    .data                                    0x20000064   Section       20  timers.o(.data)
    xTimerQueue                              0x20000064   Data           4  timers.o(.data)
    xTimerTaskHandle                         0x20000068   Data           4  timers.o(.data)
    xLastTime                                0x2000006c   Data           4  timers.o(.data)
    pxCurrentTimerList                       0x20000070   Data           4  timers.o(.data)
    pxOverflowTimerList                      0x20000074   Data           4  timers.o(.data)
    .data                                    0x20000078   Section        4  cmsis_os2.o(.data)
    KernelState                              0x20000078   Data           4  cmsis_os2.o(.data)
    .data                                    0x2000007c   Section       32  heap_4.o(.data)
    pxEnd                                    0x2000007c   Data           4  heap_4.o(.data)
    xFreeBytesRemaining                      0x20000080   Data           4  heap_4.o(.data)
    xMinimumEverFreeBytesRemaining           0x20000084   Data           4  heap_4.o(.data)
    xNumberOfSuccessfulAllocations           0x20000088   Data           4  heap_4.o(.data)
    xNumberOfSuccessfulFrees                 0x2000008c   Data           4  heap_4.o(.data)
    xBlockAllocatedBit                       0x20000090   Data           4  heap_4.o(.data)
    xStart                                   0x20000094   Data           8  heap_4.o(.data)
    .data                                    0x2000009c   Section       12  port.o(.data)
    ucMaxSysCallPriority                     0x2000009c   Data           1  port.o(.data)
    uxCriticalNesting                        0x200000a0   Data           4  port.o(.data)
    ulMaxPRIGROUPValue                       0x200000a4   Data           4  port.o(.data)
    .bss                                     0x200000a8   Section       80  can.o(.bss)
    .bss                                     0x200000f8   Section      144  tim.o(.bss)
    .bss                                     0x20000188   Section      264  usart.o(.bss)
    .bss                                     0x20000290   Section       72  stm32f4xx_hal_timebase_tim.o(.bss)
    .bss                                     0x200002d8   Section       64  queue.o(.bss)
    .bss                                     0x20000318   Section     1220  tasks.o(.bss)
    pxReadyTasksLists                        0x20000318   Data        1120  tasks.o(.bss)
    xDelayedTaskList1                        0x20000778   Data          20  tasks.o(.bss)
    xDelayedTaskList2                        0x2000078c   Data          20  tasks.o(.bss)
    xPendingReadyList                        0x200007a0   Data          20  tasks.o(.bss)
    xTasksWaitingTermination                 0x200007b4   Data          20  tasks.o(.bss)
    xSuspendedTaskList                       0x200007c8   Data          20  tasks.o(.bss)
    .bss                                     0x200007dc   Section      280  timers.o(.bss)
    xStaticTimerQueue                        0x200007dc   Data          80  timers.o(.bss)
    ucStaticTimerQueueStorage                0x2000082c   Data         160  timers.o(.bss)
    xActiveTimerList1                        0x200008cc   Data          20  timers.o(.bss)
    xActiveTimerList2                        0x200008e0   Data          20  timers.o(.bss)
    .bss                                     0x200008f4   Section     1720  cmsis_os2.o(.bss)
    Idle_TCB                                 0x200008f4   Data          92  cmsis_os2.o(.bss)
    Idle_Stack                               0x20000950   Data         512  cmsis_os2.o(.bss)
    Timer_TCB                                0x20000b50   Data          92  cmsis_os2.o(.bss)
    Timer_Stack                              0x20000bac   Data        1024  cmsis_os2.o(.bss)
    .bss                                     0x20000fac   Section    15360  heap_4.o(.bss)
    ucHeap                                   0x20000fac   Data       15360  heap_4.o(.bss)
    .bss                                     0x20004bac   Section     1148  vescmotor.o(.bss)
    .bss                                     0x20005028   Section     1164  zdrive.o(.bss)
    .bss                                     0x200054b4   Section     1912  djmotor.o(.bss)
    Txheader                                 0x200054b4   Data          24  djmotor.o(.bss)
    .bss                                     0x20005c2c   Section      812  chassis.o(.bss)
    .bss                                     0x20005f58   Section       96  libspace.o(.bss)
    HEAP                                     0x20005fb8   Section     2048  startup_stm32f405xx.o(HEAP)
    Heap_Mem                                 0x20005fb8   Data        2048  startup_stm32f405xx.o(HEAP)
    STACK                                    0x200067b8   Section     1024  startup_stm32f405xx.o(STACK)
    Stack_Mem                                0x200067b8   Data        1024  startup_stm32f405xx.o(STACK)
    __initial_sp                             0x20006bb8   Data           0  startup_stm32f405xx.o(STACK)

    Global Symbols

    Symbol Name                              Value     Ov Type        Size  Object(Section)

    BuildAttributes$$THM_ISAv4$E$P$D$K$B$S$7EM$VFPi3$EXTD16$VFPS$VFMA$PE$A:L22UL41UL21$X:L11$S22US41US21$IEEE1$IW$USESV6$~STKCKD$USESV7$~SHL$OSPACE$ROPI$EBA8$UX$STANDARDLIB$REQ8$PRES8$EABIv2 0x00000000   Number         0  anon$$obj.o ABSOLUTE
    __ARM_use_no_argv                        0x00000000   Number         0  main.o ABSOLUTE
    __ARM_exceptions_init                     - Undefined Weak Reference
    __alloca_initialize                       - Undefined Weak Reference
    __arm_preinit_                            - Undefined Weak Reference
    __cpp_initialize__aeabi_                  - Undefined Weak Reference
    __cxa_finalize                            - Undefined Weak Reference
    __rt_locale                               - Undefined Weak Reference
    __sigvec_lookup                           - Undefined Weak Reference
    _atexit_init                              - Undefined Weak Reference
    _call_atexit_fns                          - Undefined Weak Reference
    _clock_init                               - Undefined Weak Reference
    _fp_trap_init                             - Undefined Weak Reference
    _fp_trap_shutdown                         - Undefined Weak Reference
    _get_lc_collate                           - Undefined Weak Reference
    _get_lc_ctype                             - Undefined Weak Reference
    _get_lc_monetary                          - Undefined Weak Reference
    _get_lc_numeric                           - Undefined Weak Reference
    _get_lc_time                              - Undefined Weak Reference
    _getenv_init                              - Undefined Weak Reference
    _handle_redirection                       - Undefined Weak Reference
    _init_alloc                               - Undefined Weak Reference
    _init_user_alloc                          - Undefined Weak Reference
    _initio                                   - Undefined Weak Reference
    _rand_init                                - Undefined Weak Reference
    _signal_finish                            - Undefined Weak Reference
    _signal_init                              - Undefined Weak Reference
    _terminate_alloc                          - Undefined Weak Reference
    _terminate_user_alloc                     - Undefined Weak Reference
    _terminateio                              - Undefined Weak Reference
    __Vectors_Size                           0x00000188   Number         0  startup_stm32f405xx.o ABSOLUTE
    __Vectors                                0x08000000   Data           4  startup_stm32f405xx.o(RESET)
    __Vectors_End                            0x08000188   Data           0  startup_stm32f405xx.o(RESET)
    __main                                   0x08000189   Thumb Code     8  __main.o(!!!main)
    __scatterload                            0x08000191   Thumb Code     0  __scatter.o(!!!scatter)
    __scatterload_rt2                        0x08000191   Thumb Code    44  __scatter.o(!!!scatter)
    __scatterload_rt2_thumb_only             0x08000191   Thumb Code     0  __scatter.o(!!!scatter)
    __scatterload_null                       0x0800019f   Thumb Code     0  __scatter.o(!!!scatter)
    __scatterload_copy                       0x080001c5   Thumb Code    26  __scatter_copy.o(!!handler_copy)
    __scatterload_zeroinit                   0x080001e1   Thumb Code    28  __scatter_zi.o(!!handler_zi)
    __rt_lib_init                            0x080001fd   Thumb Code     0  libinit.o(.ARM.Collect$$libinit$$00000000)
    __rt_lib_init_fp_1                       0x080001ff   Thumb Code     0  libinit2.o(.ARM.Collect$$libinit$$00000001)
    __rt_lib_init_alloca_1                   0x08000203   Thumb Code     0  libinit2.o(.ARM.Collect$$libinit$$0000002E)
    __rt_lib_init_argv_1                     0x08000203   Thumb Code     0  libinit2.o(.ARM.Collect$$libinit$$0000002C)
    __rt_lib_init_atexit_1                   0x08000203   Thumb Code     0  libinit2.o(.ARM.Collect$$libinit$$0000001B)
    __rt_lib_init_clock_1                    0x08000203   Thumb Code     0  libinit2.o(.ARM.Collect$$libinit$$00000021)
    __rt_lib_init_cpp_1                      0x08000203   Thumb Code     0  libinit2.o(.ARM.Collect$$libinit$$00000032)
    __rt_lib_init_exceptions_1               0x08000203   Thumb Code     0  libinit2.o(.ARM.Collect$$libinit$$00000030)
    __rt_lib_init_fp_trap_1                  0x08000203   Thumb Code     0  libinit2.o(.ARM.Collect$$libinit$$0000001F)
    __rt_lib_init_getenv_1                   0x08000203   Thumb Code     0  libinit2.o(.ARM.Collect$$libinit$$00000023)
    __rt_lib_init_heap_1                     0x08000203   Thumb Code     0  libinit2.o(.ARM.Collect$$libinit$$0000000A)
    __rt_lib_init_lc_collate_1               0x08000203   Thumb Code     0  libinit2.o(.ARM.Collect$$libinit$$00000011)
    __rt_lib_init_lc_ctype_1                 0x08000203   Thumb Code     0  libinit2.o(.ARM.Collect$$libinit$$00000013)
    __rt_lib_init_lc_monetary_1              0x08000203   Thumb Code     0  libinit2.o(.ARM.Collect$$libinit$$00000015)
    __rt_lib_init_lc_numeric_1               0x08000203   Thumb Code     0  libinit2.o(.ARM.Collect$$libinit$$00000017)
    __rt_lib_init_lc_time_1                  0x08000203   Thumb Code     0  libinit2.o(.ARM.Collect$$libinit$$00000019)
    __rt_lib_init_preinit_1                  0x08000203   Thumb Code     0  libinit2.o(.ARM.Collect$$libinit$$00000004)
    __rt_lib_init_rand_1                     0x08000203   Thumb Code     0  libinit2.o(.ARM.Collect$$libinit$$0000000E)
    __rt_lib_init_return                     0x08000203   Thumb Code     0  libinit2.o(.ARM.Collect$$libinit$$00000033)
    __rt_lib_init_signal_1                   0x08000203   Thumb Code     0  libinit2.o(.ARM.Collect$$libinit$$0000001D)
    __rt_lib_init_stdio_1                    0x08000203   Thumb Code     0  libinit2.o(.ARM.Collect$$libinit$$00000025)
    __rt_lib_init_user_alloc_1               0x08000203   Thumb Code     0  libinit2.o(.ARM.Collect$$libinit$$0000000C)
    __rt_lib_shutdown                        0x08000205   Thumb Code     0  libshutdown.o(.ARM.Collect$$libshutdown$$00000000)
    __rt_lib_shutdown_cpp_1                  0x08000207   Thumb Code     0  libshutdown2.o(.ARM.Collect$$libshutdown$$00000002)
    __rt_lib_shutdown_fp_trap_1              0x08000207   Thumb Code     0  libshutdown2.o(.ARM.Collect$$libshutdown$$00000007)
    __rt_lib_shutdown_heap_1                 0x08000207   Thumb Code     0  libshutdown2.o(.ARM.Collect$$libshutdown$$0000000F)
    __rt_lib_shutdown_return                 0x08000207   Thumb Code     0  libshutdown2.o(.ARM.Collect$$libshutdown$$00000010)
    __rt_lib_shutdown_signal_1               0x08000207   Thumb Code     0  libshutdown2.o(.ARM.Collect$$libshutdown$$0000000A)
    __rt_lib_shutdown_stdio_1                0x08000207   Thumb Code     0  libshutdown2.o(.ARM.Collect$$libshutdown$$00000004)
    __rt_lib_shutdown_user_alloc_1           0x08000207   Thumb Code     0  libshutdown2.o(.ARM.Collect$$libshutdown$$0000000C)
    __rt_entry                               0x08000209   Thumb Code     0  __rtentry.o(.ARM.Collect$$rtentry$$00000000)
    __rt_entry_presh_1                       0x08000209   Thumb Code     0  __rtentry2.o(.ARM.Collect$$rtentry$$00000002)
    __rt_entry_sh                            0x08000209   Thumb Code     0  __rtentry4.o(.ARM.Collect$$rtentry$$00000004)
    __rt_entry_li                            0x0800020f   Thumb Code     0  __rtentry2.o(.ARM.Collect$$rtentry$$0000000A)
    __rt_entry_postsh_1                      0x0800020f   Thumb Code     0  __rtentry2.o(.ARM.Collect$$rtentry$$00000009)
    __rt_entry_main                          0x08000213   Thumb Code     0  __rtentry2.o(.ARM.Collect$$rtentry$$0000000D)
    __rt_entry_postli_1                      0x08000213   Thumb Code     0  __rtentry2.o(.ARM.Collect$$rtentry$$0000000C)
    __rt_exit                                0x0800021b   Thumb Code     0  rtexit.o(.ARM.Collect$$rtexit$$00000000)
    __rt_exit_ls                             0x0800021d   Thumb Code     0  rtexit2.o(.ARM.Collect$$rtexit$$00000003)
    __rt_exit_prels_1                        0x0800021d   Thumb Code     0  rtexit2.o(.ARM.Collect$$rtexit$$00000002)
    __rt_exit_exit                           0x08000221   Thumb Code     0  rtexit2.o(.ARM.Collect$$rtexit$$00000004)
    SVC_Handler                              0x08000229   Thumb Code    28  port.o(.emb_text)
    __asm___6_port_c_39a90d8d__prvStartFirstTask 0x08000249   Thumb Code    36  port.o(.emb_text)
    __asm___6_port_c_39a90d8d__prvEnableVFP  0x08000271   Thumb Code    16  port.o(.emb_text)
    PendSV_Handler                           0x08000285   Thumb Code    88  port.o(.emb_text)
    vPortGetIPSR                             0x080002e1   Thumb Code     6  port.o(.emb_text)
    Reset_Handler                            0x080002e9   Thumb Code     8  startup_stm32f405xx.o(.text)
    ADC_IRQHandler                           0x08000303   Thumb Code     0  startup_stm32f405xx.o(.text)
    CAN1_SCE_IRQHandler                      0x08000303   Thumb Code     0  startup_stm32f405xx.o(.text)
    CAN1_TX_IRQHandler                       0x08000303   Thumb Code     0  startup_stm32f405xx.o(.text)
    CAN2_SCE_IRQHandler                      0x08000303   Thumb Code     0  startup_stm32f405xx.o(.text)
    CAN2_TX_IRQHandler                       0x08000303   Thumb Code     0  startup_stm32f405xx.o(.text)
    DMA1_Stream0_IRQHandler                  0x08000303   Thumb Code     0  startup_stm32f405xx.o(.text)
    DMA1_Stream1_IRQHandler                  0x08000303   Thumb Code     0  startup_stm32f405xx.o(.text)
    DMA1_Stream2_IRQHandler                  0x08000303   Thumb Code     0  startup_stm32f405xx.o(.text)
    DMA1_Stream3_IRQHandler                  0x08000303   Thumb Code     0  startup_stm32f405xx.o(.text)
    DMA1_Stream4_IRQHandler                  0x08000303   Thumb Code     0  startup_stm32f405xx.o(.text)
    DMA1_Stream7_IRQHandler                  0x08000303   Thumb Code     0  startup_stm32f405xx.o(.text)
    DMA2_Stream0_IRQHandler                  0x08000303   Thumb Code     0  startup_stm32f405xx.o(.text)
    DMA2_Stream1_IRQHandler                  0x08000303   Thumb Code     0  startup_stm32f405xx.o(.text)
    DMA2_Stream2_IRQHandler                  0x08000303   Thumb Code     0  startup_stm32f405xx.o(.text)
    DMA2_Stream3_IRQHandler                  0x08000303   Thumb Code     0  startup_stm32f405xx.o(.text)
    DMA2_Stream4_IRQHandler                  0x08000303   Thumb Code     0  startup_stm32f405xx.o(.text)
    DMA2_Stream5_IRQHandler                  0x08000303   Thumb Code     0  startup_stm32f405xx.o(.text)
    DMA2_Stream6_IRQHandler                  0x08000303   Thumb Code     0  startup_stm32f405xx.o(.text)
    DMA2_Stream7_IRQHandler                  0x08000303   Thumb Code     0  startup_stm32f405xx.o(.text)
    EXTI0_IRQHandler                         0x08000303   Thumb Code     0  startup_stm32f405xx.o(.text)
    EXTI15_10_IRQHandler                     0x08000303   Thumb Code     0  startup_stm32f405xx.o(.text)
    EXTI1_IRQHandler                         0x08000303   Thumb Code     0  startup_stm32f405xx.o(.text)
    EXTI2_IRQHandler                         0x08000303   Thumb Code     0  startup_stm32f405xx.o(.text)
    EXTI3_IRQHandler                         0x08000303   Thumb Code     0  startup_stm32f405xx.o(.text)
    EXTI4_IRQHandler                         0x08000303   Thumb Code     0  startup_stm32f405xx.o(.text)
    EXTI9_5_IRQHandler                       0x08000303   Thumb Code     0  startup_stm32f405xx.o(.text)
    FLASH_IRQHandler                         0x08000303   Thumb Code     0  startup_stm32f405xx.o(.text)
    FMC_IRQHandler                           0x08000303   Thumb Code     0  startup_stm32f405xx.o(.text)
    FPU_IRQHandler                           0x08000303   Thumb Code     0  startup_stm32f405xx.o(.text)
    HASH_RNG_IRQHandler                      0x08000303   Thumb Code     0  startup_stm32f405xx.o(.text)
    I2C1_ER_IRQHandler                       0x08000303   Thumb Code     0  startup_stm32f405xx.o(.text)
    I2C1_EV_IRQHandler                       0x08000303   Thumb Code     0  startup_stm32f405xx.o(.text)
    I2C2_ER_IRQHandler                       0x08000303   Thumb Code     0  startup_stm32f405xx.o(.text)
    I2C2_EV_IRQHandler                       0x08000303   Thumb Code     0  startup_stm32f405xx.o(.text)
    I2C3_ER_IRQHandler                       0x08000303   Thumb Code     0  startup_stm32f405xx.o(.text)
    I2C3_EV_IRQHandler                       0x08000303   Thumb Code     0  startup_stm32f405xx.o(.text)
    OTG_FS_IRQHandler                        0x08000303   Thumb Code     0  startup_stm32f405xx.o(.text)
    OTG_FS_WKUP_IRQHandler                   0x08000303   Thumb Code     0  startup_stm32f405xx.o(.text)
    OTG_HS_EP1_IN_IRQHandler                 0x08000303   Thumb Code     0  startup_stm32f405xx.o(.text)
    OTG_HS_EP1_OUT_IRQHandler                0x08000303   Thumb Code     0  startup_stm32f405xx.o(.text)
    OTG_HS_IRQHandler                        0x08000303   Thumb Code     0  startup_stm32f405xx.o(.text)
    OTG_HS_WKUP_IRQHandler                   0x08000303   Thumb Code     0  startup_stm32f405xx.o(.text)
    PVD_IRQHandler                           0x08000303   Thumb Code     0  startup_stm32f405xx.o(.text)
    RCC_IRQHandler                           0x08000303   Thumb Code     0  startup_stm32f405xx.o(.text)
    RTC_Alarm_IRQHandler                     0x08000303   Thumb Code     0  startup_stm32f405xx.o(.text)
    RTC_WKUP_IRQHandler                      0x08000303   Thumb Code     0  startup_stm32f405xx.o(.text)
    SDIO_IRQHandler                          0x08000303   Thumb Code     0  startup_stm32f405xx.o(.text)
    SPI1_IRQHandler                          0x08000303   Thumb Code     0  startup_stm32f405xx.o(.text)
    SPI2_IRQHandler                          0x08000303   Thumb Code     0  startup_stm32f405xx.o(.text)
    SPI3_IRQHandler                          0x08000303   Thumb Code     0  startup_stm32f405xx.o(.text)
    TAMP_STAMP_IRQHandler                    0x08000303   Thumb Code     0  startup_stm32f405xx.o(.text)
    TIM1_BRK_TIM9_IRQHandler                 0x08000303   Thumb Code     0  startup_stm32f405xx.o(.text)
    TIM1_CC_IRQHandler                       0x08000303   Thumb Code     0  startup_stm32f405xx.o(.text)
    TIM1_TRG_COM_TIM11_IRQHandler            0x08000303   Thumb Code     0  startup_stm32f405xx.o(.text)
    TIM4_IRQHandler                          0x08000303   Thumb Code     0  startup_stm32f405xx.o(.text)
    TIM5_IRQHandler                          0x08000303   Thumb Code     0  startup_stm32f405xx.o(.text)
    TIM6_DAC_IRQHandler                      0x08000303   Thumb Code     0  startup_stm32f405xx.o(.text)
    TIM7_IRQHandler                          0x08000303   Thumb Code     0  startup_stm32f405xx.o(.text)
    TIM8_BRK_TIM12_IRQHandler                0x08000303   Thumb Code     0  startup_stm32f405xx.o(.text)
    TIM8_CC_IRQHandler                       0x08000303   Thumb Code     0  startup_stm32f405xx.o(.text)
    TIM8_TRG_COM_TIM14_IRQHandler            0x08000303   Thumb Code     0  startup_stm32f405xx.o(.text)
    TIM8_UP_TIM13_IRQHandler                 0x08000303   Thumb Code     0  startup_stm32f405xx.o(.text)
    UART4_IRQHandler                         0x08000303   Thumb Code     0  startup_stm32f405xx.o(.text)
    UART5_IRQHandler                         0x08000303   Thumb Code     0  startup_stm32f405xx.o(.text)
    USART1_IRQHandler                        0x08000303   Thumb Code     0  startup_stm32f405xx.o(.text)
    USART3_IRQHandler                        0x08000303   Thumb Code     0  startup_stm32f405xx.o(.text)
    USART6_IRQHandler                        0x08000303   Thumb Code     0  startup_stm32f405xx.o(.text)
    WWDG_IRQHandler                          0x08000303   Thumb Code     0  startup_stm32f405xx.o(.text)
    __user_initial_stackheap                 0x08000305   Thumb Code     0  startup_stm32f405xx.o(.text)
    __aeabi_uldivmod                         0x08000329   Thumb Code     0  lludivv7m.o(.text)
    _ll_udiv                                 0x08000329   Thumb Code   238  lludivv7m.o(.text)
    __aeabi_memcpy                           0x08000417   Thumb Code     0  rt_memcpy_v6.o(.text)
    __rt_memcpy                              0x08000417   Thumb Code   138  rt_memcpy_v6.o(.text)
    _memcpy_lastbytes                        0x0800047d   Thumb Code     0  rt_memcpy_v6.o(.text)
    __aeabi_memcpy4                          0x080004a1   Thumb Code     0  rt_memcpy_w.o(.text)
    __aeabi_memcpy8                          0x080004a1   Thumb Code     0  rt_memcpy_w.o(.text)
    __rt_memcpy_w                            0x080004a1   Thumb Code   100  rt_memcpy_w.o(.text)
    _memcpy_lastbytes_aligned                0x080004e9   Thumb Code     0  rt_memcpy_w.o(.text)
    __aeabi_memset                           0x08000505   Thumb Code    16  aeabi_memset.o(.text)
    __aeabi_memclr4                          0x08000515   Thumb Code     0  rt_memclr_w.o(.text)
    __aeabi_memclr8                          0x08000515   Thumb Code     0  rt_memclr_w.o(.text)
    __rt_memclr_w                            0x08000515   Thumb Code    78  rt_memclr_w.o(.text)
    _memset_w                                0x08000519   Thumb Code     0  rt_memclr_w.o(.text)
    __use_two_region_memory                  0x08000563   Thumb Code     2  heapauxi.o(.text)
    __rt_heap_escrow$2region                 0x08000565   Thumb Code     2  heapauxi.o(.text)
    __rt_heap_expand$2region                 0x08000567   Thumb Code     2  heapauxi.o(.text)
    __aeabi_memclr                           0x08000569   Thumb Code     0  rt_memclr.o(.text)
    __rt_memclr                              0x08000569   Thumb Code    68  rt_memclr.o(.text)
    _memset                                  0x0800056d   Thumb Code     0  rt_memclr.o(.text)
    __user_setup_stackheap                   0x080005ad   Thumb Code    74  sys_stackheap_outer.o(.text)
    exit                                     0x080005f7   Thumb Code    18  exit.o(.text)
    __user_libspace                          0x08000609   Thumb Code     8  libspace.o(.text)
    __user_perproc_libspace                  0x08000609   Thumb Code     0  libspace.o(.text)
    __user_perthread_libspace                0x08000609   Thumb Code     0  libspace.o(.text)
    _sys_exit                                0x08000611   Thumb Code     8  sys_exit.o(.text)
    __I$use$semihosting                      0x0800061d   Thumb Code     0  use_no_semi.o(.text)
    __use_no_semihosting_swi                 0x0800061d   Thumb Code     2  use_no_semi.o(.text)
    BusFault_Handler                         0x0800061f   Thumb Code     2  stm32f4xx_it.o(i.BusFault_Handler)
    __semihosting_library_function           0x0800061f   Thumb Code     0  indicate_semi.o(.text)
    CAN1_RX0_IRQHandler                      0x08000621   Thumb Code     6  stm32f4xx_it.o(i.CAN1_RX0_IRQHandler)
    CAN1_RX1_IRQHandler                      0x0800062d   Thumb Code     6  stm32f4xx_it.o(i.CAN1_RX1_IRQHandler)
    CAN2_RX0_IRQHandler                      0x08000639   Thumb Code     6  stm32f4xx_it.o(i.CAN2_RX0_IRQHandler)
    CAN2_RX1_IRQHandler                      0x08000645   Thumb Code     6  stm32f4xx_it.o(i.CAN2_RX1_IRQHandler)
    CAN_Queue_Dequeue                        0x08000651   Thumb Code   162  canqueue.o(i.CAN_Queue_Dequeue)
    CAN_Queue_Init                           0x080006fd   Thumb Code    26  canqueue.o(i.CAN_Queue_Init)
    CAN_Queue_IsFull                         0x08000717   Thumb Code    32  canqueue.o(i.CAN_Queue_IsFull)
    CAN_Queue_Isempty                        0x08000737   Thumb Code    16  canqueue.o(i.CAN_Queue_Isempty)
    ChangeDataByte                           0x08000747   Thumb Code    10  mathfunc.o(i.ChangeDataByte)
    ChassisFunc                              0x08000751   Thumb Code   268  chassis.o(i.ChassisFunc)
    DJAngleCalculate                         0x08000879   Thumb Code   206  djmotor.o(i.DJAngleCalculate)
    DJMotorInit                              0x08000949   Thumb Code   384  djmotor.o(i.DJMotorInit)
    DJReceiveData_CAN1                       0x08000ae5   Thumb Code   146  djmotor.o(i.DJReceiveData_CAN1)
    DJSetZero                                0x08000b89   Thumb Code    22  djmotor.o(i.DJSetZero)
    DMA1_Stream5_IRQHandler                  0x08000ba5   Thumb Code     6  stm32f4xx_it.o(i.DMA1_Stream5_IRQHandler)
    DMA1_Stream6_IRQHandler                  0x08000bb1   Thumb Code     6  stm32f4xx_it.o(i.DMA1_Stream6_IRQHandler)
    DebugMon_Handler                         0x08000c39   Thumb Code     2  stm32f4xx_it.o(i.DebugMon_Handler)
    Drive_Current_Answer                     0x08000c3d   Thumb Code   212  chassis.o(i.Drive_Current_Answer)
    Drive_Position_Answer                    0x08000d21   Thumb Code   180  chassis.o(i.Drive_Position_Answer)
    Drive_RPM_Answer                         0x08000de5   Thumb Code   212  chassis.o(i.Drive_RPM_Answer)
    Drive_SetPos                             0x08000ec9   Thumb Code   112  chassis.o(i.Drive_SetPos)
    Drive_SetRPM                             0x08000f41   Thumb Code   132  chassis.o(i.Drive_SetRPM)
    Error_Handler                            0x08000fcd   Thumb Code     4  main.o(i.Error_Handler)
    HAL_CAN_ActivateNotification             0x08000fd1   Thumb Code    36  stm32f4xx_hal_can.o(i.HAL_CAN_ActivateNotification)
    HAL_CAN_AddTxMessage                     0x08000ff5   Thumb Code   188  stm32f4xx_hal_can.o(i.HAL_CAN_AddTxMessage)
    HAL_CAN_ConfigFilter                     0x080010b1   Thumb Code   262  stm32f4xx_hal_can.o(i.HAL_CAN_ConfigFilter)
    HAL_CAN_ErrorCallback                    0x080011bd   Thumb Code     2  stm32f4xx_hal_can.o(i.HAL_CAN_ErrorCallback)
    HAL_CAN_GetRxMessage                     0x080011bf   Thumb Code   244  stm32f4xx_hal_can.o(i.HAL_CAN_GetRxMessage)
    HAL_CAN_IRQHandler                       0x080012b3   Thumb Code   508  stm32f4xx_hal_can.o(i.HAL_CAN_IRQHandler)
    HAL_CAN_Init                             0x080014af   Thumb Code   282  stm32f4xx_hal_can.o(i.HAL_CAN_Init)
    HAL_CAN_MspInit                          0x080015c9   Thumb Code   262  can.o(i.HAL_CAN_MspInit)
    HAL_CAN_RxFifo0FullCallback              0x080016e9   Thumb Code     2  stm32f4xx_hal_can.o(i.HAL_CAN_RxFifo0FullCallback)
    HAL_CAN_RxFifo0MsgPendingCallback        0x080016ed   Thumb Code    94  can.o(i.HAL_CAN_RxFifo0MsgPendingCallback)
    HAL_CAN_RxFifo1FullCallback              0x08001755   Thumb Code     2  stm32f4xx_hal_can.o(i.HAL_CAN_RxFifo1FullCallback)
    HAL_CAN_RxFifo1MsgPendingCallback        0x08001759   Thumb Code    88  can.o(i.HAL_CAN_RxFifo1MsgPendingCallback)
    HAL_CAN_SleepCallback                    0x080017b5   Thumb Code     2  stm32f4xx_hal_can.o(i.HAL_CAN_SleepCallback)
    HAL_CAN_Start                            0x080017b9   Thumb Code    88  stm32f4xx_hal_can.o(i.HAL_CAN_Start)
    HAL_CAN_TxMailbox0AbortCallback          0x08001811   Thumb Code     2  stm32f4xx_hal_can.o(i.HAL_CAN_TxMailbox0AbortCallback)
    HAL_CAN_TxMailbox0CompleteCallback       0x08001813   Thumb Code     2  stm32f4xx_hal_can.o(i.HAL_CAN_TxMailbox0CompleteCallback)
    HAL_CAN_TxMailbox1AbortCallback          0x08001815   Thumb Code     2  stm32f4xx_hal_can.o(i.HAL_CAN_TxMailbox1AbortCallback)
    HAL_CAN_TxMailbox1CompleteCallback       0x08001817   Thumb Code     2  stm32f4xx_hal_can.o(i.HAL_CAN_TxMailbox1CompleteCallback)
    HAL_CAN_TxMailbox2AbortCallback          0x08001819   Thumb Code     2  stm32f4xx_hal_can.o(i.HAL_CAN_TxMailbox2AbortCallback)
    HAL_CAN_TxMailbox2CompleteCallback       0x0800181b   Thumb Code     2  stm32f4xx_hal_can.o(i.HAL_CAN_TxMailbox2CompleteCallback)
    HAL_CAN_WakeUpFromRxMsgCallback          0x0800181d   Thumb Code     2  stm32f4xx_hal_can.o(i.HAL_CAN_WakeUpFromRxMsgCallback)
    HAL_DMA_Abort                            0x0800181f   Thumb Code   146  stm32f4xx_hal_dma.o(i.HAL_DMA_Abort)
    HAL_DMA_Abort_IT                         0x080018b1   Thumb Code    36  stm32f4xx_hal_dma.o(i.HAL_DMA_Abort_IT)
    HAL_DMA_IRQHandler                       0x080018d5   Thumb Code   412  stm32f4xx_hal_dma.o(i.HAL_DMA_IRQHandler)
    HAL_DMA_Init                             0x08001a75   Thumb Code   206  stm32f4xx_hal_dma.o(i.HAL_DMA_Init)
    HAL_GPIO_Init                            0x08001b49   Thumb Code   450  stm32f4xx_hal_gpio.o(i.HAL_GPIO_Init)
    HAL_GPIO_WritePin                        0x08001d39   Thumb Code    10  stm32f4xx_hal_gpio.o(i.HAL_GPIO_WritePin)
    HAL_GetTick                              0x08001d45   Thumb Code     6  stm32f4xx_hal.o(i.HAL_GetTick)
    HAL_IncTick                              0x08001d51   Thumb Code    12  stm32f4xx_hal.o(i.HAL_IncTick)
    HAL_Init                                 0x08001d61   Thumb Code    48  stm32f4xx_hal.o(i.HAL_Init)
    HAL_InitTick                             0x08001d95   Thumb Code   120  stm32f4xx_hal_timebase_tim.o(i.HAL_InitTick)
    HAL_MspInit                              0x08001e21   Thumb Code    52  stm32f4xx_hal_msp.o(i.HAL_MspInit)
    HAL_NVIC_EnableIRQ                       0x08001e59   Thumb Code    26  stm32f4xx_hal_cortex.o(i.HAL_NVIC_EnableIRQ)
    HAL_NVIC_SetPriority                     0x08001e75   Thumb Code    60  stm32f4xx_hal_cortex.o(i.HAL_NVIC_SetPriority)
    HAL_NVIC_SetPriorityGrouping             0x08001eb5   Thumb Code    26  stm32f4xx_hal_cortex.o(i.HAL_NVIC_SetPriorityGrouping)
    HAL_RCC_ClockConfig                      0x08001ed9   Thumb Code   288  stm32f4xx_hal_rcc.o(i.HAL_RCC_ClockConfig)
    HAL_RCC_GetClockConfig                   0x0800200d   Thumb Code    54  stm32f4xx_hal_rcc.o(i.HAL_RCC_GetClockConfig)
    HAL_RCC_GetPCLK1Freq                     0x0800204d   Thumb Code    20  stm32f4xx_hal_rcc.o(i.HAL_RCC_GetPCLK1Freq)
    HAL_RCC_GetPCLK2Freq                     0x0800206d   Thumb Code    20  stm32f4xx_hal_rcc.o(i.HAL_RCC_GetPCLK2Freq)
    HAL_RCC_GetSysClockFreq                  0x0800208d   Thumb Code    88  stm32f4xx_hal_rcc.o(i.HAL_RCC_GetSysClockFreq)
    HAL_RCC_OscConfig                        0x080020f1   Thumb Code   856  stm32f4xx_hal_rcc.o(i.HAL_RCC_OscConfig)
    HAL_TIMEx_BreakCallback                  0x0800245d   Thumb Code     2  stm32f4xx_hal_tim_ex.o(i.HAL_TIMEx_BreakCallback)
    HAL_TIMEx_CommutCallback                 0x0800245f   Thumb Code     2  stm32f4xx_hal_tim_ex.o(i.HAL_TIMEx_CommutCallback)
    HAL_TIMEx_MasterConfigSynchronization    0x08002461   Thumb Code   116  stm32f4xx_hal_tim_ex.o(i.HAL_TIMEx_MasterConfigSynchronization)
    HAL_TIM_Base_Init                        0x080024f1   Thumb Code    90  stm32f4xx_hal_tim.o(i.HAL_TIM_Base_Init)
    HAL_TIM_Base_MspInit                     0x0800254d   Thumb Code    86  tim.o(i.HAL_TIM_Base_MspInit)
    HAL_TIM_Base_Start_IT                    0x080025ad   Thumb Code   100  stm32f4xx_hal_tim.o(i.HAL_TIM_Base_Start_IT)
    HAL_TIM_ConfigClockSource                0x0800262d   Thumb Code   220  stm32f4xx_hal_tim.o(i.HAL_TIM_ConfigClockSource)
    HAL_TIM_IC_CaptureCallback               0x08002709   Thumb Code     2  stm32f4xx_hal_tim.o(i.HAL_TIM_IC_CaptureCallback)
    HAL_TIM_IRQHandler                       0x0800270b   Thumb Code   304  stm32f4xx_hal_tim.o(i.HAL_TIM_IRQHandler)
    HAL_TIM_OC_DelayElapsedCallback          0x0800283b   Thumb Code     2  stm32f4xx_hal_tim.o(i.HAL_TIM_OC_DelayElapsedCallback)
    HAL_TIM_PWM_PulseFinishedCallback        0x0800283d   Thumb Code     2  stm32f4xx_hal_tim.o(i.HAL_TIM_PWM_PulseFinishedCallback)
    HAL_TIM_PeriodElapsedCallback            0x08002841   Thumb Code   276  main.o(i.HAL_TIM_PeriodElapsedCallback)
    HAL_TIM_TriggerCallback                  0x0800297d   Thumb Code     2  stm32f4xx_hal_tim.o(i.HAL_TIM_TriggerCallback)
    HAL_UARTEx_RxEventCallback               0x0800297f   Thumb Code     2  stm32f4xx_hal_uart.o(i.HAL_UARTEx_RxEventCallback)
    HAL_UART_ErrorCallback                   0x08002981   Thumb Code     2  stm32f4xx_hal_uart.o(i.HAL_UART_ErrorCallback)
    HAL_UART_IRQHandler                      0x08002985   Thumb Code   618  stm32f4xx_hal_uart.o(i.HAL_UART_IRQHandler)
    HAL_UART_Init                            0x08002bf5   Thumb Code   100  stm32f4xx_hal_uart.o(i.HAL_UART_Init)
    HAL_UART_MspInit                         0x08002c59   Thumb Code   212  usart.o(i.HAL_UART_MspInit)
    HAL_UART_RxCpltCallback                  0x08002d41   Thumb Code     2  stm32f4xx_hal_uart.o(i.HAL_UART_RxCpltCallback)
    HAL_UART_TxCpltCallback                  0x08002d43   Thumb Code     2  stm32f4xx_hal_uart.o(i.HAL_UART_TxCpltCallback)
    HardFault_Handler                        0x08002d45   Thumb Code     2  stm32f4xx_it.o(i.HardFault_Handler)
    LED_Flow                                 0x08002d49   Thumb Code   136  led.o(i.LED_Flow)
    MX_CAN1_Init                             0x08002dd5   Thumb Code   182  can.o(i.MX_CAN1_Init)
    MX_CAN2_Init                             0x08002e95   Thumb Code   336  can.o(i.MX_CAN2_Init)
    MX_DMA_Init                              0x08002fed   Thumb Code    56  dma.o(i.MX_DMA_Init)
    MX_FREERTOS_Init                         0x08003029   Thumb Code    32  freertos.o(i.MX_FREERTOS_Init)
    MX_GPIO_Init                             0x08003059   Thumb Code   124  gpio.o(i.MX_GPIO_Init)
    MX_TIM2_Init                             0x080030dd   Thumb Code   106  tim.o(i.MX_TIM2_Init)
    MX_TIM3_Init                             0x0800314d   Thumb Code   106  tim.o(i.MX_TIM3_Init)
    MX_USART2_UART_Init                      0x080031c1   Thumb Code    48  usart.o(i.MX_USART2_UART_Init)
    Master_Response                          0x080031f9   Thumb Code   110  chassis.o(i.Master_Response)
    MemManage_Handler                        0x08003271   Thumb Code     2  stm32f4xx_it.o(i.MemManage_Handler)
    Motor_Enable                             0x08003275   Thumb Code   192  chassis.o(i.Motor_Enable)
    NMI_Handler                              0x08003345   Thumb Code     2  stm32f4xx_it.o(i.NMI_Handler)
    PID_Init                                 0x08003347   Thumb Code    20  pid.o(i.PID_Init)
    Rotate_Current_Answer                    0x0800335d   Thumb Code   180  chassis.o(i.Rotate_Current_Answer)
    Rotate_Position_Answer                   0x08003421   Thumb Code   180  chassis.o(i.Rotate_Position_Answer)
    Rotate_RPM_Answer                        0x080034e5   Thumb Code   212  chassis.o(i.Rotate_RPM_Answer)
    Rotate_SetPos                            0x080035c9   Thumb Code   108  chassis.o(i.Rotate_SetPos)
    Rotate_SetRPM                            0x0800363d   Thumb Code   128  chassis.o(i.Rotate_SetRPM)
    StartDefaultTask                         0x080036c5   Thumb Code     6  freertos.o(i.StartDefaultTask)
    SysTick_Handler                          0x080036cb   Thumb Code    26  cmsis_os2.o(i.SysTick_Handler)
    SystemClock_Config                       0x080036e5   Thumb Code   142  main.o(i.SystemClock_Config)
    SystemInit                               0x0800377d   Thumb Code    12  system_stm32f4xx.o(i.SystemInit)
    TIM1_UP_TIM10_IRQHandler                 0x0800378d   Thumb Code     6  stm32f4xx_it.o(i.TIM1_UP_TIM10_IRQHandler)
    TIM2_IRQHandler                          0x08003799   Thumb Code     6  stm32f4xx_it.o(i.TIM2_IRQHandler)
    TIM3_IRQHandler                          0x080037a5   Thumb Code     6  stm32f4xx_it.o(i.TIM3_IRQHandler)
    TIM_Base_SetConfig                       0x080037b1   Thumb Code   170  stm32f4xx_hal_tim.o(i.TIM_Base_SetConfig)
    TIM_ETR_SetConfig                        0x08003889   Thumb Code    20  stm32f4xx_hal_tim.o(i.TIM_ETR_SetConfig)
    USART2_IRQHandler                        0x08003b21   Thumb Code     6  stm32f4xx_it.o(i.USART2_IRQHandler)
    UsageFault_Handler                       0x08003b2d   Thumb Code     2  stm32f4xx_it.o(i.UsageFault_Handler)
    VESC_motor                               0x08003b2f   Thumb Code     8  freertos.o(i.VESC_motor)
    VescBrake_Mode                           0x08003b39   Thumb Code   120  vescmotor.o(i.VescBrake_Mode)
    VescCurrent_Mode                         0x08003bc1   Thumb Code   120  vescmotor.o(i.VescCurrent_Mode)
    VescDuty_Mode                            0x08003c49   Thumb Code   120  vescmotor.o(i.VescDuty_Mode)
    VescFunc                                 0x08003ccd   Thumb Code   180  vescmotor.o(i.VescFunc)
    VescInit                                 0x08003d89   Thumb Code   134  vescmotor.o(i.VescInit)
    VescPosition_Mode                        0x08003e1d   Thumb Code   120  vescmotor.o(i.VescPosition_Mode)
    VescRPM_Mode                             0x08003ea5   Thumb Code   112  vescmotor.o(i.VescRPM_Mode)
    VescReceiveData_CAN2                     0x08003f21   Thumb Code   346  vescmotor.o(i.VescReceiveData_CAN2)
    VescStuck_Check                          0x08004091   Thumb Code   144  vescmotor.o(i.VescStuck_Check)
    VescTimeOut                              0x08004131   Thumb Code    58  vescmotor.o(i.VescTimeOut)
    ZdriveAskCurrent                         0x08004171   Thumb Code    80  zdrive.o(i.ZdriveAskCurrent)
    ZdriveAskErr                             0x080041c9   Thumb Code    80  zdrive.o(i.ZdriveAskErr)
    ZdriveAskMode                            0x08004221   Thumb Code    80  zdrive.o(i.ZdriveAskMode)
    ZdriveAskPin                             0x08004279   Thumb Code    80  zdrive.o(i.ZdriveAskPin)
    ZdriveAskPosition                        0x080042d1   Thumb Code    80  zdrive.o(i.ZdriveAskPosition)
    ZdriveAskSpeed                           0x08004329   Thumb Code    80  zdrive.o(i.ZdriveAskSpeed)
    ZdriveFunc                               0x08004381   Thumb Code   334  zdrive.o(i.ZdriveFunc)
    ZdriveInit                               0x080044e1   Thumb Code    94  zdrive.o(i.ZdriveInit)
    ZdriveReceive                            0x08004549   Thumb Code   186  zdrive.o(i.ZdriveReceive)
    ZdriveSetMode                            0x08004611   Thumb Code   132  zdrive.o(i.ZdriveSetMode)
    ZdriveSetPosition                        0x080046a1   Thumb Code   122  zdrive.o(i.ZdriveSetPosition)
    ZdriveSetPresentPos                      0x0800472d   Thumb Code   122  zdrive.o(i.ZdriveSetPresentPos)
    ZdriveSetSpeed                           0x080047b9   Thumb Code   114  zdrive.o(i.ZdriveSetSpeed)
    buffer_16_to_float                       0x08004859   Thumb Code    24  mathfunc.o(i.buffer_16_to_float)
    buffer_32_to_float                       0x08004871   Thumb Code    24  mathfunc.o(i.buffer_32_to_float)
    buffer_append_int16                      0x08004889   Thumb Code    22  mathfunc.o(i.buffer_append_int16)
    buffer_append_int32                      0x0800489f   Thumb Code    42  mathfunc.o(i.buffer_append_int32)
    get_s16_from_buffer                      0x080048c9   Thumb Code    16  mathfunc.o(i.get_s16_from_buffer)
    get_s32_from_buffer                      0x080048d9   Thumb Code    24  mathfunc.o(i.get_s32_from_buffer)
    main                                     0x080048f1   Thumb Code    86  main.o(i.main)
    osDelay                                  0x08004955   Thumb Code    26  cmsis_os2.o(i.osDelay)
    osKernelInitialize                       0x08004971   Thumb Code    32  cmsis_os2.o(i.osKernelInitialize)
    osKernelStart                            0x08004995   Thumb Code    48  cmsis_os2.o(i.osKernelStart)
    osThreadNew                              0x080049cd   Thumb Code   138  cmsis_os2.o(i.osThreadNew)
    pvPortMalloc                             0x080051ed   Thumb Code   226  heap_4.o(i.pvPortMalloc)
    pxPortInitialiseStack                    0x080052d5   Thumb Code    40  port.o(i.pxPortInitialiseStack)
    uxListRemove                             0x08005301   Thumb Code    38  list.o(i.uxListRemove)
    vApplicationGetIdleTaskMemory            0x08005329   Thumb Code    16  cmsis_os2.o(i.vApplicationGetIdleTaskMemory)
    vApplicationGetTimerTaskMemory           0x0800533d   Thumb Code    18  cmsis_os2.o(i.vApplicationGetTimerTaskMemory)
    vApplicationMallocFailedHook             0x08005355   Thumb Code     2  freertos.o(i.vApplicationMallocFailedHook)
    vApplicationStackOverflowHook            0x08005357   Thumb Code     2  freertos.o(i.vApplicationStackOverflowHook)
    vListInitialise                          0x08005359   Thumb Code    22  list.o(i.vListInitialise)
    vListInitialiseItem                      0x0800536f   Thumb Code     6  list.o(i.vListInitialiseItem)
    vListInsert                              0x08005375   Thumb Code    48  list.o(i.vListInsert)
    vListInsertEnd                           0x080053a5   Thumb Code    24  list.o(i.vListInsertEnd)
    vPortEnterCritical                       0x080053bd   Thumb Code    54  port.o(i.vPortEnterCritical)
    vPortExitCritical                        0x080053fd   Thumb Code    34  port.o(i.vPortExitCritical)
    vPortFree                                0x08005425   Thumb Code    94  heap_4.o(i.vPortFree)
    vPortSetupTimerInterrupt                 0x08005489   Thumb Code    32  port.o(i.vPortSetupTimerInterrupt)
    vPortValidateInterruptPriority           0x080054ad   Thumb Code    74  port.o(i.vPortValidateInterruptPriority)
    vQueueAddToRegistry                      0x08005501   Thumb Code    34  queue.o(i.vQueueAddToRegistry)
    vQueueWaitForMessageRestricted           0x08005529   Thumb Code    68  queue.o(i.vQueueWaitForMessageRestricted)
    vTaskDelay                               0x0800556d   Thumb Code    66  tasks.o(i.vTaskDelay)
    vTaskInternalSetTimeOutState             0x080055b9   Thumb Code    12  tasks.o(i.vTaskInternalSetTimeOutState)
    vTaskMissedYield                         0x080055c9   Thumb Code     8  tasks.o(i.vTaskMissedYield)
    vTaskPlaceOnEventList                    0x080055d5   Thumb Code    44  tasks.o(i.vTaskPlaceOnEventList)
    vTaskPlaceOnEventListRestricted          0x08005605   Thumb Code    52  tasks.o(i.vTaskPlaceOnEventListRestricted)
    vTaskStartScheduler                      0x0800563d   Thumb Code   118  tasks.o(i.vTaskStartScheduler)
    vTaskSuspendAll                          0x080056c5   Thumb Code    10  tasks.o(i.vTaskSuspendAll)
    vTaskSwitchContext                       0x080056d5   Thumb Code   112  tasks.o(i.vTaskSwitchContext)
    xPortStartScheduler                      0x0800574d   Thumb Code   222  port.o(i.xPortStartScheduler)
    xPortSysTickHandler                      0x08005841   Thumb Code    38  port.o(i.xPortSysTickHandler)
    xQueueGenericCreateStatic                0x0800586d   Thumb Code   102  queue.o(i.xQueueGenericCreateStatic)
    xQueueGenericReset                       0x080058d5   Thumb Code   132  queue.o(i.xQueueGenericReset)
    xQueueGenericSend                        0x0800595d   Thumb Code   346  queue.o(i.xQueueGenericSend)
    xQueueGenericSendFromISR                 0x08005abd   Thumb Code   190  queue.o(i.xQueueGenericSendFromISR)
    xQueueReceive                            0x08005b7d   Thumb Code   308  queue.o(i.xQueueReceive)
    xTaskCheckForTimeOut                     0x08005cb5   Thumb Code   112  tasks.o(i.xTaskCheckForTimeOut)
    xTaskCreate                              0x08005d29   Thumb Code    90  tasks.o(i.xTaskCreate)
    xTaskCreateStatic                        0x08005d83   Thumb Code    86  tasks.o(i.xTaskCreateStatic)
    xTaskGetSchedulerState                   0x08005dd9   Thumb Code    22  tasks.o(i.xTaskGetSchedulerState)
    xTaskGetTickCount                        0x08005df5   Thumb Code     6  tasks.o(i.xTaskGetTickCount)
    xTaskIncrementTick                       0x08005e01   Thumb Code   192  tasks.o(i.xTaskIncrementTick)
    xTaskPriorityDisinherit                  0x08005ec9   Thumb Code   118  tasks.o(i.xTaskPriorityDisinherit)
    xTaskRemoveFromEventList                 0x08005f49   Thumb Code    98  tasks.o(i.xTaskRemoveFromEventList)
    xTaskResumeAll                           0x08005fb9   Thumb Code   182  tasks.o(i.xTaskResumeAll)
    xTimerCreateTimerTask                    0x0800607d   Thumb Code    78  timers.o(i.xTimerCreateTimerTask)
    xTimerGenericCommand                     0x080060dd   Thumb Code    98  timers.o(i.xTimerGenericCommand)
    __aeabi_d2f                              0x08006145   Thumb Code     0  d2f.o(x$fpl$d2f)
    _d2f                                     0x08006145   Thumb Code    98  d2f.o(x$fpl$d2f)
    __aeabi_ddiv                             0x080061a9   Thumb Code     0  ddiv.o(x$fpl$ddiv)
    _ddiv                                    0x080061a9   Thumb Code   552  ddiv.o(x$fpl$ddiv)
    __aeabi_i2d                              0x08006459   Thumb Code     0  dflt_clz.o(x$fpl$dflt)
    _dflt                                    0x08006459   Thumb Code    46  dflt_clz.o(x$fpl$dflt)
    __fpl_dnaninf                            0x08006487   Thumb Code   156  dnaninf.o(x$fpl$dnaninf)
    __fpl_dretinf                            0x08006523   Thumb Code    12  dretinf.o(x$fpl$dretinf)
    _fp_init                                 0x0800652f   Thumb Code    10  fpinit.o(x$fpl$fpinit)
    __fplib_config_fpu_vfp                   0x08006537   Thumb Code     0  fpinit.o(x$fpl$fpinit)
    __fplib_config_pureend_doubles           0x08006537   Thumb Code     0  fpinit.o(x$fpl$fpinit)
    __fpl_fretinf                            0x08006539   Thumb Code    10  fretinf.o(x$fpl$fretinf)
    __I$use$fp                               0x08006542   Number         0  usenofp.o(x$fpl$usenofp)
    defaultTask_attributes                   0x08006544   Data          36  freertos.o(.constdata)
    VESC_attributes                          0x08006568   Data          36  freertos.o(.constdata)
    AHBPrescTable                            0x08006594   Data          16  system_stm32f4xx.o(.constdata)
    APBPrescTable                            0x080065a4   Data           8  system_stm32f4xx.o(.constdata)
    Region$$Table$$Base                      0x080065c0   Number         0  anon$$obj.o(Region$$Table)
    Region$$Table$$Limit                     0x080065e0   Number         0  anon$$obj.o(Region$$Table)
    CAN2SendQueueFULL                        0x20000000   Data           1  main.o(.data)
    defaultTaskHandle                        0x2000000c   Data           4  freertos.o(.data)
    VESCHandle                               0x20000010   Data           4  freertos.o(.data)
    uwTickFreq                               0x20000018   Data           1  stm32f4xx_hal.o(.data)
    uwTickPrio                               0x2000001c   Data           4  stm32f4xx_hal.o(.data)
    uwTick                                   0x20000020   Data           4  stm32f4xx_hal.o(.data)
    SystemCoreClock                          0x20000024   Data           4  system_stm32f4xx.o(.data)
    pxCurrentTCB                             0x20000028   Data           4  tasks.o(.data)
    hcan1                                    0x200000a8   Data          40  can.o(.bss)
    hcan2                                    0x200000d0   Data          40  can.o(.bss)
    htim2                                    0x200000f8   Data          72  tim.o(.bss)
    htim3                                    0x20000140   Data          72  tim.o(.bss)
    huart2                                   0x20000188   Data          72  usart.o(.bss)
    hdma_usart2_rx                           0x200001d0   Data          96  usart.o(.bss)
    hdma_usart2_tx                           0x20000230   Data          96  usart.o(.bss)
    htim1                                    0x20000290   Data          72  stm32f4xx_hal_timebase_tim.o(.bss)
    xQueueRegistry                           0x200002d8   Data          64  queue.o(.bss)
    Vescmotor                                0x20004bac   Data         336  vescmotor.o(.bss)
    Vesc_queue                               0x20004cfc   Data         812  vescmotor.o(.bss)
    Zmotor                                   0x20005028   Data         352  zdrive.o(.bss)
    ZDrive_queue                             0x20005188   Data         812  zdrive.o(.bss)
    DJmotor                                  0x200054cc   Data        1888  djmotor.o(.bss)
    Answer_queue                             0x20005c2c   Data         812  chassis.o(.bss)
    __libspace_start                         0x20005f58   Data          96  libspace.o(.bss)
    __temporary_stack_top$libspace           0x20005fb8   Data           0  libspace.o(.bss)



==============================================================================

Memory Map of the image

  Image Entry point : 0x08000189

  Load Region LR_IROM1 (Base: 0x08000000, Size: 0x00006688, Max: 0x00100000, ABSOLUTE)

    Execution Region ER_IROM1 (Base: 0x08000000, Size: 0x000065e0, Max: 0x00100000, ABSOLUTE)

    Base Addr    Size         Type   Attr      Idx    E Section Name        Object

    0x08000000   0x00000188   Data   RO            3    RESET               startup_stm32f405xx.o
    0x08000188   0x00000008   Code   RO         5814  * !!!main             c_w.l(__main.o)
    0x08000190   0x00000034   Code   RO         6002    !!!scatter          c_w.l(__scatter.o)
    0x080001c4   0x0000001a   Code   RO         6004    !!handler_copy      c_w.l(__scatter_copy.o)
    0x080001de   0x00000002   PAD
    0x080001e0   0x0000001c   Code   RO         6006    !!handler_zi        c_w.l(__scatter_zi.o)
    0x080001fc   0x00000002   Code   RO         5872    .ARM.Collect$$libinit$$00000000  c_w.l(libinit.o)
    0x080001fe   0x00000004   Code   RO         5884    .ARM.Collect$$libinit$$00000001  c_w.l(libinit2.o)
    0x08000202   0x00000000   Code   RO         5887    .ARM.Collect$$libinit$$00000004  c_w.l(libinit2.o)
    0x08000202   0x00000000   Code   RO         5890    .ARM.Collect$$libinit$$0000000A  c_w.l(libinit2.o)
    0x08000202   0x00000000   Code   RO         5892    .ARM.Collect$$libinit$$0000000C  c_w.l(libinit2.o)
    0x08000202   0x00000000   Code   RO         5894    .ARM.Collect$$libinit$$0000000E  c_w.l(libinit2.o)
    0x08000202   0x00000000   Code   RO         5897    .ARM.Collect$$libinit$$00000011  c_w.l(libinit2.o)
    0x08000202   0x00000000   Code   RO         5899    .ARM.Collect$$libinit$$00000013  c_w.l(libinit2.o)
    0x08000202   0x00000000   Code   RO         5901    .ARM.Collect$$libinit$$00000015  c_w.l(libinit2.o)
    0x08000202   0x00000000   Code   RO         5903    .ARM.Collect$$libinit$$00000017  c_w.l(libinit2.o)
    0x08000202   0x00000000   Code   RO         5905    .ARM.Collect$$libinit$$00000019  c_w.l(libinit2.o)
    0x08000202   0x00000000   Code   RO         5907    .ARM.Collect$$libinit$$0000001B  c_w.l(libinit2.o)
    0x08000202   0x00000000   Code   RO         5909    .ARM.Collect$$libinit$$0000001D  c_w.l(libinit2.o)
    0x08000202   0x00000000   Code   RO         5911    .ARM.Collect$$libinit$$0000001F  c_w.l(libinit2.o)
    0x08000202   0x00000000   Code   RO         5913    .ARM.Collect$$libinit$$00000021  c_w.l(libinit2.o)
    0x08000202   0x00000000   Code   RO         5915    .ARM.Collect$$libinit$$00000023  c_w.l(libinit2.o)
    0x08000202   0x00000000   Code   RO         5917    .ARM.Collect$$libinit$$00000025  c_w.l(libinit2.o)
    0x08000202   0x00000000   Code   RO         5921    .ARM.Collect$$libinit$$0000002C  c_w.l(libinit2.o)
    0x08000202   0x00000000   Code   RO         5923    .ARM.Collect$$libinit$$0000002E  c_w.l(libinit2.o)
    0x08000202   0x00000000   Code   RO         5925    .ARM.Collect$$libinit$$00000030  c_w.l(libinit2.o)
    0x08000202   0x00000000   Code   RO         5927    .ARM.Collect$$libinit$$00000032  c_w.l(libinit2.o)
    0x08000202   0x00000002   Code   RO         5928    .ARM.Collect$$libinit$$00000033  c_w.l(libinit2.o)
    0x08000204   0x00000002   Code   RO         5959    .ARM.Collect$$libshutdown$$00000000  c_w.l(libshutdown.o)
    0x08000206   0x00000000   Code   RO         5985    .ARM.Collect$$libshutdown$$00000002  c_w.l(libshutdown2.o)
    0x08000206   0x00000000   Code   RO         5987    .ARM.Collect$$libshutdown$$00000004  c_w.l(libshutdown2.o)
    0x08000206   0x00000000   Code   RO         5990    .ARM.Collect$$libshutdown$$00000007  c_w.l(libshutdown2.o)
    0x08000206   0x00000000   Code   RO         5993    .ARM.Collect$$libshutdown$$0000000A  c_w.l(libshutdown2.o)
    0x08000206   0x00000000   Code   RO         5995    .ARM.Collect$$libshutdown$$0000000C  c_w.l(libshutdown2.o)
    0x08000206   0x00000000   Code   RO         5998    .ARM.Collect$$libshutdown$$0000000F  c_w.l(libshutdown2.o)
    0x08000206   0x00000002   Code   RO         5999    .ARM.Collect$$libshutdown$$00000010  c_w.l(libshutdown2.o)
    0x08000208   0x00000000   Code   RO         5828    .ARM.Collect$$rtentry$$00000000  c_w.l(__rtentry.o)
    0x08000208   0x00000000   Code   RO         5843    .ARM.Collect$$rtentry$$00000002  c_w.l(__rtentry2.o)
    0x08000208   0x00000006   Code   RO         5855    .ARM.Collect$$rtentry$$00000004  c_w.l(__rtentry4.o)
    0x0800020e   0x00000000   Code   RO         5845    .ARM.Collect$$rtentry$$00000009  c_w.l(__rtentry2.o)
    0x0800020e   0x00000004   Code   RO         5846    .ARM.Collect$$rtentry$$0000000A  c_w.l(__rtentry2.o)
    0x08000212   0x00000000   Code   RO         5848    .ARM.Collect$$rtentry$$0000000C  c_w.l(__rtentry2.o)
    0x08000212   0x00000008   Code   RO         5849    .ARM.Collect$$rtentry$$0000000D  c_w.l(__rtentry2.o)
    0x0800021a   0x00000002   Code   RO         5876    .ARM.Collect$$rtexit$$00000000  c_w.l(rtexit.o)
    0x0800021c   0x00000000   Code   RO         5932    .ARM.Collect$$rtexit$$00000002  c_w.l(rtexit2.o)
    0x0800021c   0x00000004   Code   RO         5933    .ARM.Collect$$rtexit$$00000003  c_w.l(rtexit2.o)
    0x08000220   0x00000006   Code   RO         5934    .ARM.Collect$$rtexit$$00000004  c_w.l(rtexit2.o)
    0x08000226   0x00000002   PAD
    0x08000228   0x000000be   Code   RO         5134    .emb_text           port.o
    0x080002e6   0x00000002   PAD
    0x080002e8   0x00000040   Code   RO            4    .text               startup_stm32f405xx.o
    0x08000328   0x000000ee   Code   RO         5800    .text               c_w.l(lludivv7m.o)
    0x08000416   0x0000008a   Code   RO         5802    .text               c_w.l(rt_memcpy_v6.o)
    0x080004a0   0x00000064   Code   RO         5804    .text               c_w.l(rt_memcpy_w.o)
    0x08000504   0x00000010   Code   RO         5808    .text               c_w.l(aeabi_memset.o)
    0x08000514   0x0000004e   Code   RO         5810    .text               c_w.l(rt_memclr_w.o)
    0x08000562   0x00000006   Code   RO         5812    .text               c_w.l(heapauxi.o)
    0x08000568   0x00000044   Code   RO         5833    .text               c_w.l(rt_memclr.o)
    0x080005ac   0x0000004a   Code   RO         5859    .text               c_w.l(sys_stackheap_outer.o)
    0x080005f6   0x00000012   Code   RO         5861    .text               c_w.l(exit.o)
    0x08000608   0x00000008   Code   RO         5873    .text               c_w.l(libspace.o)
    0x08000610   0x0000000c   Code   RO         5929    .text               c_w.l(sys_exit.o)
    0x0800061c   0x00000002   Code   RO         5948    .text               c_w.l(use_no_semi.o)
    0x0800061e   0x00000000   Code   RO         5950    .text               c_w.l(indicate_semi.o)
    0x0800061e   0x00000002   Code   RO          529    i.BusFault_Handler  stm32f4xx_it.o
    0x08000620   0x0000000c   Code   RO          530    i.CAN1_RX0_IRQHandler  stm32f4xx_it.o
    0x0800062c   0x0000000c   Code   RO          531    i.CAN1_RX1_IRQHandler  stm32f4xx_it.o
    0x08000638   0x0000000c   Code   RO          532    i.CAN2_RX0_IRQHandler  stm32f4xx_it.o
    0x08000644   0x0000000c   Code   RO          533    i.CAN2_RX1_IRQHandler  stm32f4xx_it.o
    0x08000650   0x000000ac   Code   RO         5214    i.CAN_Queue_Dequeue  canqueue.o
    0x080006fc   0x0000001a   Code   RO         5215    i.CAN_Queue_Init    canqueue.o
    0x08000716   0x00000020   Code   RO         5216    i.CAN_Queue_IsFull  canqueue.o
    0x08000736   0x00000010   Code   RO         5217    i.CAN_Queue_Isempty  canqueue.o
    0x08000746   0x0000000a   Code   RO         5256    i.ChangeDataByte    mathfunc.o
    0x08000750   0x00000128   Code   RO         5670    i.ChassisFunc       chassis.o
    0x08000878   0x000000ce   Code   RO         5579    i.DJAngleCalculate  djmotor.o
    0x08000946   0x00000002   PAD
    0x08000948   0x0000019c   Code   RO         5584    i.DJMotorInit       djmotor.o
    0x08000ae4   0x000000a4   Code   RO         5586    i.DJReceiveData_CAN1  djmotor.o
    0x08000b88   0x0000001c   Code   RO         5587    i.DJSetZero         djmotor.o
    0x08000ba4   0x0000000c   Code   RO          534    i.DMA1_Stream5_IRQHandler  stm32f4xx_it.o
    0x08000bb0   0x0000000c   Code   RO          535    i.DMA1_Stream6_IRQHandler  stm32f4xx_it.o
    0x08000bbc   0x00000028   Code   RO         1403    i.DMA_CalcBaseAndBitshift  stm32f4xx_hal_dma.o
    0x08000be4   0x00000054   Code   RO         1404    i.DMA_CheckFifoParam  stm32f4xx_hal_dma.o
    0x08000c38   0x00000002   Code   RO          536    i.DebugMon_Handler  stm32f4xx_it.o
    0x08000c3a   0x00000002   PAD
    0x08000c3c   0x000000e4   Code   RO         5671    i.Drive_Current_Answer  chassis.o
    0x08000d20   0x000000c4   Code   RO         5672    i.Drive_Position_Answer  chassis.o
    0x08000de4   0x000000e4   Code   RO         5673    i.Drive_RPM_Answer  chassis.o
    0x08000ec8   0x00000078   Code   RO         5674    i.Drive_SetPos      chassis.o
    0x08000f40   0x0000008c   Code   RO         5675    i.Drive_SetRPM      chassis.o
    0x08000fcc   0x00000004   Code   RO           13    i.Error_Handler     main.o
    0x08000fd0   0x00000024   Code   RO          711    i.HAL_CAN_ActivateNotification  stm32f4xx_hal_can.o
    0x08000ff4   0x000000bc   Code   RO          712    i.HAL_CAN_AddTxMessage  stm32f4xx_hal_can.o
    0x080010b0   0x0000010c   Code   RO          713    i.HAL_CAN_ConfigFilter  stm32f4xx_hal_can.o
    0x080011bc   0x00000002   Code   RO          716    i.HAL_CAN_ErrorCallback  stm32f4xx_hal_can.o
    0x080011be   0x000000f4   Code   RO          719    i.HAL_CAN_GetRxMessage  stm32f4xx_hal_can.o
    0x080012b2   0x000001fc   Code   RO          723    i.HAL_CAN_IRQHandler  stm32f4xx_hal_can.o
    0x080014ae   0x0000011a   Code   RO          724    i.HAL_CAN_Init      stm32f4xx_hal_can.o
    0x080015c8   0x00000120   Code   RO          355    i.HAL_CAN_MspInit   can.o
    0x080016e8   0x00000002   Code   RO          731    i.HAL_CAN_RxFifo0FullCallback  stm32f4xx_hal_can.o
    0x080016ea   0x00000002   PAD
    0x080016ec   0x00000068   Code   RO          356    i.HAL_CAN_RxFifo0MsgPendingCallback  can.o
    0x08001754   0x00000002   Code   RO          733    i.HAL_CAN_RxFifo1FullCallback  stm32f4xx_hal_can.o
    0x08001756   0x00000002   PAD
    0x08001758   0x0000005c   Code   RO          357    i.HAL_CAN_RxFifo1MsgPendingCallback  can.o
    0x080017b4   0x00000002   Code   RO          735    i.HAL_CAN_SleepCallback  stm32f4xx_hal_can.o
    0x080017b6   0x00000002   PAD
    0x080017b8   0x00000058   Code   RO          736    i.HAL_CAN_Start     stm32f4xx_hal_can.o
    0x08001810   0x00000002   Code   RO          738    i.HAL_CAN_TxMailbox0AbortCallback  stm32f4xx_hal_can.o
    0x08001812   0x00000002   Code   RO          739    i.HAL_CAN_TxMailbox0CompleteCallback  stm32f4xx_hal_can.o
    0x08001814   0x00000002   Code   RO          740    i.HAL_CAN_TxMailbox1AbortCallback  stm32f4xx_hal_can.o
    0x08001816   0x00000002   Code   RO          741    i.HAL_CAN_TxMailbox1CompleteCallback  stm32f4xx_hal_can.o
    0x08001818   0x00000002   Code   RO          742    i.HAL_CAN_TxMailbox2AbortCallback  stm32f4xx_hal_can.o
    0x0800181a   0x00000002   Code   RO          743    i.HAL_CAN_TxMailbox2CompleteCallback  stm32f4xx_hal_can.o
    0x0800181c   0x00000002   Code   RO          745    i.HAL_CAN_WakeUpFromRxMsgCallback  stm32f4xx_hal_can.o
    0x0800181e   0x00000092   Code   RO         1406    i.HAL_DMA_Abort     stm32f4xx_hal_dma.o
    0x080018b0   0x00000024   Code   RO         1407    i.HAL_DMA_Abort_IT  stm32f4xx_hal_dma.o
    0x080018d4   0x000001a0   Code   RO         1411    i.HAL_DMA_IRQHandler  stm32f4xx_hal_dma.o
    0x08001a74   0x000000d4   Code   RO         1412    i.HAL_DMA_Init      stm32f4xx_hal_dma.o
    0x08001b48   0x000001f0   Code   RO         1299    i.HAL_GPIO_Init     stm32f4xx_hal_gpio.o
    0x08001d38   0x0000000a   Code   RO         1303    i.HAL_GPIO_WritePin  stm32f4xx_hal_gpio.o
    0x08001d42   0x00000002   PAD
    0x08001d44   0x0000000c   Code   RO         1837    i.HAL_GetTick       stm32f4xx_hal.o
    0x08001d50   0x00000010   Code   RO         1843    i.HAL_IncTick       stm32f4xx_hal.o
    0x08001d60   0x00000034   Code   RO         1844    i.HAL_Init          stm32f4xx_hal.o
    0x08001d94   0x0000008c   Code   RO          671    i.HAL_InitTick      stm32f4xx_hal_timebase_tim.o
    0x08001e20   0x00000038   Code   RO          647    i.HAL_MspInit       stm32f4xx_hal_msp.o
    0x08001e58   0x0000001a   Code   RO         1689    i.HAL_NVIC_EnableIRQ  stm32f4xx_hal_cortex.o
    0x08001e72   0x00000002   PAD
    0x08001e74   0x00000040   Code   RO         1695    i.HAL_NVIC_SetPriority  stm32f4xx_hal_cortex.o
    0x08001eb4   0x00000024   Code   RO         1696    i.HAL_NVIC_SetPriorityGrouping  stm32f4xx_hal_cortex.o
    0x08001ed8   0x00000134   Code   RO          945    i.HAL_RCC_ClockConfig  stm32f4xx_hal_rcc.o
    0x0800200c   0x00000040   Code   RO          949    i.HAL_RCC_GetClockConfig  stm32f4xx_hal_rcc.o
    0x0800204c   0x00000020   Code   RO          952    i.HAL_RCC_GetPCLK1Freq  stm32f4xx_hal_rcc.o
    0x0800206c   0x00000020   Code   RO          953    i.HAL_RCC_GetPCLK2Freq  stm32f4xx_hal_rcc.o
    0x0800208c   0x00000064   Code   RO          954    i.HAL_RCC_GetSysClockFreq  stm32f4xx_hal_rcc.o
    0x080020f0   0x0000036c   Code   RO          957    i.HAL_RCC_OscConfig  stm32f4xx_hal_rcc.o
    0x0800245c   0x00000002   Code   RO         2788    i.HAL_TIMEx_BreakCallback  stm32f4xx_hal_tim_ex.o
    0x0800245e   0x00000002   Code   RO         2789    i.HAL_TIMEx_CommutCallback  stm32f4xx_hal_tim_ex.o
    0x08002460   0x00000090   Code   RO         2807    i.HAL_TIMEx_MasterConfigSynchronization  stm32f4xx_hal_tim_ex.o
    0x080024f0   0x0000005a   Code   RO         2084    i.HAL_TIM_Base_Init  stm32f4xx_hal_tim.o
    0x0800254a   0x00000002   PAD
    0x0800254c   0x00000060   Code   RO          440    i.HAL_TIM_Base_MspInit  tim.o
    0x080025ac   0x00000080   Code   RO         2089    i.HAL_TIM_Base_Start_IT  stm32f4xx_hal_tim.o
    0x0800262c   0x000000dc   Code   RO         2093    i.HAL_TIM_ConfigClockSource  stm32f4xx_hal_tim.o
    0x08002708   0x00000002   Code   RO         2118    i.HAL_TIM_IC_CaptureCallback  stm32f4xx_hal_tim.o
    0x0800270a   0x00000130   Code   RO         2132    i.HAL_TIM_IRQHandler  stm32f4xx_hal_tim.o
    0x0800283a   0x00000002   Code   RO         2135    i.HAL_TIM_OC_DelayElapsedCallback  stm32f4xx_hal_tim.o
    0x0800283c   0x00000002   Code   RO         2162    i.HAL_TIM_PWM_PulseFinishedCallback  stm32f4xx_hal_tim.o
    0x0800283e   0x00000002   PAD
    0x08002840   0x0000013c   Code   RO           14    i.HAL_TIM_PeriodElapsedCallback  main.o
    0x0800297c   0x00000002   Code   RO         2175    i.HAL_TIM_TriggerCallback  stm32f4xx_hal_tim.o
    0x0800297e   0x00000002   Code   RO         3067    i.HAL_UARTEx_RxEventCallback  stm32f4xx_hal_uart.o
    0x08002980   0x00000002   Code   RO         3081    i.HAL_UART_ErrorCallback  stm32f4xx_hal_uart.o
    0x08002982   0x00000002   PAD
    0x08002984   0x00000270   Code   RO         3084    i.HAL_UART_IRQHandler  stm32f4xx_hal_uart.o
    0x08002bf4   0x00000064   Code   RO         3085    i.HAL_UART_Init     stm32f4xx_hal_uart.o
    0x08002c58   0x000000e8   Code   RO          488    i.HAL_UART_MspInit  usart.o
    0x08002d40   0x00000002   Code   RO         3091    i.HAL_UART_RxCpltCallback  stm32f4xx_hal_uart.o
    0x08002d42   0x00000002   Code   RO         3096    i.HAL_UART_TxCpltCallback  stm32f4xx_hal_uart.o
    0x08002d44   0x00000002   Code   RO          537    i.HardFault_Handler  stm32f4xx_it.o
    0x08002d46   0x00000002   PAD
    0x08002d48   0x0000008c   Code   RO         5777    i.LED_Flow          led.o
    0x08002dd4   0x000000c0   Code   RO          358    i.MX_CAN1_Init      can.o
    0x08002e94   0x00000158   Code   RO          359    i.MX_CAN2_Init      can.o
    0x08002fec   0x0000003c   Code   RO          415    i.MX_DMA_Init       dma.o
    0x08003028   0x00000030   Code   RO          289    i.MX_FREERTOS_Init  freertos.o
    0x08003058   0x00000084   Code   RO          261    i.MX_GPIO_Init      gpio.o
    0x080030dc   0x00000070   Code   RO          441    i.MX_TIM2_Init      tim.o
    0x0800314c   0x00000074   Code   RO          442    i.MX_TIM3_Init      tim.o
    0x080031c0   0x00000038   Code   RO          489    i.MX_USART2_UART_Init  usart.o
    0x080031f8   0x00000078   Code   RO         5676    i.Master_Response   chassis.o
    0x08003270   0x00000002   Code   RO          538    i.MemManage_Handler  stm32f4xx_it.o
    0x08003272   0x00000002   PAD
    0x08003274   0x000000d0   Code   RO         5677    i.Motor_Enable      chassis.o
    0x08003344   0x00000002   Code   RO          539    i.NMI_Handler       stm32f4xx_it.o
    0x08003346   0x00000014   Code   RO         5326    i.PID_Init          pid.o
    0x0800335a   0x00000002   PAD
    0x0800335c   0x000000c4   Code   RO         5678    i.Rotate_Current_Answer  chassis.o
    0x08003420   0x000000c4   Code   RO         5679    i.Rotate_Position_Answer  chassis.o
    0x080034e4   0x000000e4   Code   RO         5680    i.Rotate_RPM_Answer  chassis.o
    0x080035c8   0x00000074   Code   RO         5681    i.Rotate_SetPos     chassis.o
    0x0800363c   0x00000088   Code   RO         5682    i.Rotate_SetRPM     chassis.o
    0x080036c4   0x00000006   Code   RO          290    i.StartDefaultTask  freertos.o
    0x080036ca   0x0000001a   Code   RO         4566    i.SysTick_Handler   cmsis_os2.o
    0x080036e4   0x00000098   Code   RO           15    i.SystemClock_Config  main.o
    0x0800377c   0x00000010   Code   RO         3419    i.SystemInit        system_stm32f4xx.o
    0x0800378c   0x0000000c   Code   RO          540    i.TIM1_UP_TIM10_IRQHandler  stm32f4xx_it.o
    0x08003798   0x0000000c   Code   RO          541    i.TIM2_IRQHandler   stm32f4xx_it.o
    0x080037a4   0x0000000c   Code   RO          542    i.TIM3_IRQHandler   stm32f4xx_it.o
    0x080037b0   0x000000d8   Code   RO         2177    i.TIM_Base_SetConfig  stm32f4xx_hal_tim.o
    0x08003888   0x00000014   Code   RO         2188    i.TIM_ETR_SetConfig  stm32f4xx_hal_tim.o
    0x0800389c   0x00000010   Code   RO         2189    i.TIM_ITRx_SetConfig  stm32f4xx_hal_tim.o
    0x080038ac   0x00000022   Code   RO         2195    i.TIM_TI1_ConfigInputStage  stm32f4xx_hal_tim.o
    0x080038ce   0x00000024   Code   RO         2197    i.TIM_TI2_ConfigInputStage  stm32f4xx_hal_tim.o
    0x080038f2   0x00000010   Code   RO         3098    i.UART_DMAAbortOnError  stm32f4xx_hal_uart.o
    0x08003902   0x0000004e   Code   RO         3108    i.UART_EndRxTransfer  stm32f4xx_hal_uart.o
    0x08003950   0x000000c2   Code   RO         3110    i.UART_Receive_IT   stm32f4xx_hal_uart.o
    0x08003a12   0x00000002   PAD
    0x08003a14   0x0000010c   Code   RO         3111    i.UART_SetConfig    stm32f4xx_hal_uart.o
    0x08003b20   0x0000000c   Code   RO          543    i.USART2_IRQHandler  stm32f4xx_it.o
    0x08003b2c   0x00000002   Code   RO          544    i.UsageFault_Handler  stm32f4xx_it.o
    0x08003b2e   0x00000008   Code   RO          291    i.VESC_motor        freertos.o
    0x08003b36   0x00000002   PAD
    0x08003b38   0x00000088   Code   RO         5379    i.VescBrake_Mode    vescmotor.o
    0x08003bc0   0x00000088   Code   RO         5380    i.VescCurrent_Mode  vescmotor.o
    0x08003c48   0x00000084   Code   RO         5381    i.VescDuty_Mode     vescmotor.o
    0x08003ccc   0x000000bc   Code   RO         5382    i.VescFunc          vescmotor.o
    0x08003d88   0x00000094   Code   RO         5383    i.VescInit          vescmotor.o
    0x08003e1c   0x00000088   Code   RO         5384    i.VescPosition_Mode  vescmotor.o
    0x08003ea4   0x0000007c   Code   RO         5385    i.VescRPM_Mode      vescmotor.o
    0x08003f20   0x00000170   Code   RO         5386    i.VescReceiveData_CAN2  vescmotor.o
    0x08004090   0x000000a0   Code   RO         5387    i.VescStuck_Check   vescmotor.o
    0x08004130   0x00000040   Code   RO         5388    i.VescTimeOut       vescmotor.o
    0x08004170   0x00000058   Code   RO         5467    i.ZdriveAskCurrent  zdrive.o
    0x080041c8   0x00000058   Code   RO         5468    i.ZdriveAskErr      zdrive.o
    0x08004220   0x00000058   Code   RO         5469    i.ZdriveAskMode     zdrive.o
    0x08004278   0x00000058   Code   RO         5470    i.ZdriveAskPin      zdrive.o
    0x080042d0   0x00000058   Code   RO         5471    i.ZdriveAskPosition  zdrive.o
    0x08004328   0x00000058   Code   RO         5472    i.ZdriveAskSpeed    zdrive.o
    0x08004380   0x00000160   Code   RO         5473    i.ZdriveFunc        zdrive.o
    0x080044e0   0x00000068   Code   RO         5474    i.ZdriveInit        zdrive.o
    0x08004548   0x000000c8   Code   RO         5475    i.ZdriveReceive     zdrive.o
    0x08004610   0x00000090   Code   RO         5476    i.ZdriveSetMode     zdrive.o
    0x080046a0   0x0000008c   Code   RO         5478    i.ZdriveSetPosition  zdrive.o
    0x0800472c   0x0000008c   Code   RO         5479    i.ZdriveSetPresentPos  zdrive.o
    0x080047b8   0x00000080   Code   RO         5480    i.ZdriveSetSpeed    zdrive.o
    0x08004838   0x00000020   Code   RO         1702    i.__NVIC_SetPriority  stm32f4xx_hal_cortex.o
    0x08004858   0x00000018   Code   RO         5257    i.buffer_16_to_float  mathfunc.o
    0x08004870   0x00000018   Code   RO         5258    i.buffer_32_to_float  mathfunc.o
    0x08004888   0x00000016   Code   RO         5259    i.buffer_append_int16  mathfunc.o
    0x0800489e   0x0000002a   Code   RO         5260    i.buffer_append_int32  mathfunc.o
    0x080048c8   0x00000010   Code   RO         5262    i.get_s16_from_buffer  mathfunc.o
    0x080048d8   0x00000018   Code   RO         5263    i.get_s32_from_buffer  mathfunc.o
    0x080048f0   0x00000064   Code   RO           16    i.main              main.o
    0x08004954   0x0000001a   Code   RO         4568    i.osDelay           cmsis_os2.o
    0x0800496e   0x00000002   PAD
    0x08004970   0x00000024   Code   RO         4582    i.osKernelInitialize  cmsis_os2.o
    0x08004994   0x00000038   Code   RO         4585    i.osKernelStart     cmsis_os2.o
    0x080049cc   0x0000008a   Code   RO         4627    i.osThreadNew       cmsis_os2.o
    0x08004a56   0x00000002   PAD
    0x08004a58   0x0000005c   Code   RO         4027    i.prvAddCurrentTaskToDelayedList  tasks.o
    0x08004ab4   0x000000d0   Code   RO         4028    i.prvAddNewTaskToReadyList  tasks.o
    0x08004b84   0x00000058   Code   RO         4392    i.prvCheckForValidListAndQueue  timers.o
    0x08004bdc   0x00000026   Code   RO         3624    i.prvCopyDataFromQueue  queue.o
    0x08004c02   0x0000006c   Code   RO         3625    i.prvCopyDataToQueue  queue.o
    0x08004c6e   0x00000034   Code   RO         4029    i.prvDeleteTCB      tasks.o
    0x08004ca2   0x00000002   PAD
    0x08004ca4   0x0000004c   Code   RO         5079    i.prvHeapInit       heap_4.o
    0x08004cf0   0x00000060   Code   RO         4030    i.prvIdleTask       tasks.o
    0x08004d50   0x00000022   Code   RO         3627    i.prvInitialiseNewQueue  queue.o
    0x08004d72   0x00000002   PAD
    0x08004d74   0x000000b0   Code   RO         4031    i.prvInitialiseNewTask  tasks.o
    0x08004e24   0x0000004c   Code   RO         5080    i.prvInsertBlockIntoFreeList  heap_4.o
    0x08004e70   0x00000038   Code   RO         4394    i.prvInsertTimerInActiveList  timers.o
    0x08004ea8   0x0000001c   Code   RO         3628    i.prvIsQueueEmpty   queue.o
    0x08004ec4   0x000000fc   Code   RO         4395    i.prvProcessReceivedCommands  timers.o
    0x08004fc0   0x000000c0   Code   RO         4396    i.prvProcessTimerOrBlockTask  timers.o
    0x08005080   0x00000020   Code   RO         4033    i.prvResetNextTaskUnblockTime  tasks.o
    0x080050a0   0x00000028   Code   RO         4397    i.prvSampleTimeNow  timers.o
    0x080050c8   0x0000006c   Code   RO         4398    i.prvSwitchTimerLists  timers.o
    0x08005134   0x00000028   Code   RO         5135    i.prvTaskExitError  port.o
    0x0800515c   0x00000024   Code   RO         4399    i.prvTimerTask      timers.o
    0x08005180   0x0000006a   Code   RO         3629    i.prvUnlockQueue    queue.o
    0x080051ea   0x00000002   PAD
    0x080051ec   0x000000e8   Code   RO         5081    i.pvPortMalloc      heap_4.o
    0x080052d4   0x0000002c   Code   RO         5136    i.pxPortInitialiseStack  port.o
    0x08005300   0x00000026   Code   RO         3584    i.uxListRemove      list.o
    0x08005326   0x00000002   PAD
    0x08005328   0x00000014   Code   RO         4639    i.vApplicationGetIdleTaskMemory  cmsis_os2.o
    0x0800533c   0x00000018   Code   RO         4640    i.vApplicationGetTimerTaskMemory  cmsis_os2.o
    0x08005354   0x00000002   Code   RO          292    i.vApplicationMallocFailedHook  freertos.o
    0x08005356   0x00000002   Code   RO          293    i.vApplicationStackOverflowHook  freertos.o
    0x08005358   0x00000016   Code   RO         3585    i.vListInitialise   list.o
    0x0800536e   0x00000006   Code   RO         3586    i.vListInitialiseItem  list.o
    0x08005374   0x00000030   Code   RO         3587    i.vListInsert       list.o
    0x080053a4   0x00000018   Code   RO         3588    i.vListInsertEnd    list.o
    0x080053bc   0x00000040   Code   RO         5138    i.vPortEnterCritical  port.o
    0x080053fc   0x00000028   Code   RO         5139    i.vPortExitCritical  port.o
    0x08005424   0x00000064   Code   RO         5082    i.vPortFree         heap_4.o
    0x08005488   0x00000024   Code   RO         5140    i.vPortSetupTimerInterrupt  port.o
    0x080054ac   0x00000054   Code   RO         5141    i.vPortValidateInterruptPriority  port.o
    0x08005500   0x00000028   Code   RO         3635    i.vQueueAddToRegistry  queue.o
    0x08005528   0x00000044   Code   RO         3639    i.vQueueWaitForMessageRestricted  queue.o
    0x0800556c   0x0000004c   Code   RO         4046    i.vTaskDelay        tasks.o
    0x080055b8   0x00000010   Code   RO         4051    i.vTaskInternalSetTimeOutState  tasks.o
    0x080055c8   0x0000000c   Code   RO         4052    i.vTaskMissedYield  tasks.o
    0x080055d4   0x00000030   Code   RO         4054    i.vTaskPlaceOnEventList  tasks.o
    0x08005604   0x00000038   Code   RO         4055    i.vTaskPlaceOnEventListRestricted  tasks.o
    0x0800563c   0x00000088   Code   RO         4063    i.vTaskStartScheduler  tasks.o
    0x080056c4   0x00000010   Code   RO         4065    i.vTaskSuspendAll   tasks.o
    0x080056d4   0x00000078   Code   RO         4066    i.vTaskSwitchContext  tasks.o
    0x0800574c   0x000000f4   Code   RO         5142    i.xPortStartScheduler  port.o
    0x08005840   0x0000002c   Code   RO         5143    i.xPortSysTickHandler  port.o
    0x0800586c   0x00000066   Code   RO         3645    i.xQueueGenericCreateStatic  queue.o
    0x080058d2   0x00000002   PAD
    0x080058d4   0x00000088   Code   RO         3646    i.xQueueGenericReset  queue.o
    0x0800595c   0x00000160   Code   RO         3647    i.xQueueGenericSend  queue.o
    0x08005abc   0x000000be   Code   RO         3648    i.xQueueGenericSendFromISR  queue.o
    0x08005b7a   0x00000002   PAD
    0x08005b7c   0x00000138   Code   RO         3657    i.xQueueReceive     queue.o
    0x08005cb4   0x00000074   Code   RO         4068    i.xTaskCheckForTimeOut  tasks.o
    0x08005d28   0x0000005a   Code   RO         4069    i.xTaskCreate       tasks.o
    0x08005d82   0x00000056   Code   RO         4070    i.xTaskCreateStatic  tasks.o
    0x08005dd8   0x0000001c   Code   RO         4074    i.xTaskGetSchedulerState  tasks.o
    0x08005df4   0x0000000c   Code   RO         4075    i.xTaskGetTickCount  tasks.o
    0x08005e00   0x000000c8   Code   RO         4077    i.xTaskIncrementTick  tasks.o
    0x08005ec8   0x00000080   Code   RO         4080    i.xTaskPriorityDisinherit  tasks.o
    0x08005f48   0x00000070   Code   RO         4082    i.xTaskRemoveFromEventList  tasks.o
    0x08005fb8   0x000000c4   Code   RO         4083    i.xTaskResumeAll    tasks.o
    0x0800607c   0x00000060   Code   RO         4408    i.xTimerCreateTimerTask  timers.o
    0x080060dc   0x00000068   Code   RO         4409    i.xTimerGenericCommand  timers.o
    0x08006144   0x00000062   Code   RO         5816    x$fpl$d2f           fz_wm.l(d2f.o)
    0x080061a6   0x00000002   PAD
    0x080061a8   0x000002b0   Code   RO         5819    x$fpl$ddiv          fz_wm.l(ddiv.o)
    0x08006458   0x0000002e   Code   RO         5823    x$fpl$dflt          fz_wm.l(dflt_clz.o)
    0x08006486   0x0000009c   Code   RO         5835    x$fpl$dnaninf       fz_wm.l(dnaninf.o)
    0x08006522   0x0000000c   Code   RO         5837    x$fpl$dretinf       fz_wm.l(dretinf.o)
    0x0800652e   0x0000000a   Code   RO         5944    x$fpl$fpinit        fz_wm.l(fpinit.o)
    0x08006538   0x0000000a   Code   RO         5839    x$fpl$fretinf       fz_wm.l(fretinf.o)
    0x08006542   0x00000000   Code   RO         5841    x$fpl$usenofp       fz_wm.l(usenofp.o)
    0x08006542   0x00000002   PAD
    0x08006544   0x00000048   Data   RO          294    .constdata          freertos.o
    0x0800658c   0x00000008   Data   RO         1418    .constdata          stm32f4xx_hal_dma.o
    0x08006594   0x00000010   Data   RO         3420    .constdata          system_stm32f4xx.o
    0x080065a4   0x00000008   Data   RO         3421    .constdata          system_stm32f4xx.o
    0x080065ac   0x00000014   Data   RO          295    .conststring        freertos.o
    0x080065c0   0x00000020   Data   RO         6000    Region$$Table       anon$$obj.o


    Execution Region RW_IRAM1 (Base: 0x20000000, Size: 0x00006bb8, Max: 0x00020000, ABSOLUTE)

    Base Addr    Size         Type   Attr      Idx    E Section Name        Object

    0x20000000   0x0000000c   Data   RW           17    .data               main.o
    0x2000000c   0x00000008   Data   RW          296    .data               freertos.o
    0x20000014   0x00000004   Data   RW          361    .data               can.o
    0x20000018   0x0000000c   Data   RW         1851    .data               stm32f4xx_hal.o
    0x20000024   0x00000004   Data   RW         3422    .data               system_stm32f4xx.o
    0x20000028   0x0000003c   Data   RW         4086    .data               tasks.o
    0x20000064   0x00000014   Data   RW         4417    .data               timers.o
    0x20000078   0x00000004   Data   RW         4644    .data               cmsis_os2.o
    0x2000007c   0x00000020   Data   RW         5088    .data               heap_4.o
    0x2000009c   0x0000000c   Data   RW         5144    .data               port.o
    0x200000a8   0x00000050   Zero   RW          360    .bss                can.o
    0x200000f8   0x00000090   Zero   RW          443    .bss                tim.o
    0x20000188   0x00000108   Zero   RW          490    .bss                usart.o
    0x20000290   0x00000048   Zero   RW          674    .bss                stm32f4xx_hal_timebase_tim.o
    0x200002d8   0x00000040   Zero   RW         3661    .bss                queue.o
    0x20000318   0x000004c4   Zero   RW         4085    .bss                tasks.o
    0x200007dc   0x00000118   Zero   RW         4416    .bss                timers.o
    0x200008f4   0x000006b8   Zero   RW         4643    .bss                cmsis_os2.o
    0x20000fac   0x00003c00   Zero   RW         5087    .bss                heap_4.o
    0x20004bac   0x0000047c   Zero   RW         5389    .bss                vescmotor.o
    0x20005028   0x0000048c   Zero   RW         5481    .bss                zdrive.o
    0x200054b4   0x00000778   Zero   RW         5590    .bss                djmotor.o
    0x20005c2c   0x0000032c   Zero   RW         5683    .bss                chassis.o
    0x20005f58   0x00000060   Zero   RW         5874    .bss                c_w.l(libspace.o)
    0x20005fb8   0x00000800   Zero   RW            2    HEAP                startup_stm32f405xx.o
    0x200067b8   0x00000400   Zero   RW            1    STACK               startup_stm32f405xx.o


==============================================================================

Image component sizes


      Code (inc. data)   RO Data    RW Data    ZI Data      Debug   Object Name

      1020         58          0          4         80       4290   can.o
       246         10          0          0          0       2852   canqueue.o
      2408        190          0          0        812      40672   chassis.o
       326         22          0          4       1720      50731   cmsis_os2.o
       810         52          0          0       1912       5680   djmotor.o
        60          4          0          0          0        762   dma.o
         0          0          0          0          0      19392   event_groups.o
        66         16         92          8          0       3332   freertos.o
       132          8          0          0          0        911   gpio.o
       484         26          0         32      15360       4851   heap_4.o
       140          4          0          0          0        527   led.o
       138          0          0          0          0       3502   list.o
       572         64          0         12          0     671709   main.o
       162          0          0          0          0       4537   mathfunc.o
        20          0          0          0          0        867   pid.o
       786         82          0         12          0      11369   port.o
      1514         20          0          0         64      17276   queue.o
        64         26        392          0       3072        832   startup_stm32f405xx.o
        80         14          0         12          0       8018   stm32f4xx_hal.o
      1636          6          0          0          0      13539   stm32f4xx_hal_can.o
       158         14          0          0          0      32998   stm32f4xx_hal_cortex.o
       934         16          8          0          0       5539   stm32f4xx_hal_dma.o
       506         46          0          0          0       2156   stm32f4xx_hal_gpio.o
        56          4          0          0          0        846   stm32f4xx_hal_msp.o
      1412         86          0          0          0       5817   stm32f4xx_hal_rcc.o
      1072         74          0          0          0      10165   stm32f4xx_hal_tim.o
       148         28          0          0          0       2441   stm32f4xx_hal_tim_ex.o
       140         20          0          0         72       1399   stm32f4xx_hal_timebase_tim.o
      1288         16          0          0          0       8236   stm32f4xx_hal_uart.o
       132         60          0          0          0       7344   stm32f4xx_it.o
         0          0          0          0          0       9456   stream_buffer.o
        16          4         24          4          0       1091   system_stm32f4xx.o
      2104        166          0         60       1220      26652   tasks.o
       324         26          0          0        144       2387   tim.o
       972         80          0         20        280      31927   timers.o
       288         28          0          0        264       1900   usart.o
      1592        144          0          0       1148      10203   vescmotor.o
      1736        152          0          0       1164      11319   zdrive.o

    ----------------------------------------------------------------------
     23590       1566        548        168      27312    1037525   Object Totals
         0          0         32          0          0          0   (incl. Generated)
        48          0          0          0          0          0   (incl. Padding)

    ----------------------------------------------------------------------

      Code (inc. data)   RO Data    RW Data    ZI Data      Debug   Library Member Name

         8          0          0          0          0         68   __main.o
         0          0          0          0          0          0   __rtentry.o
        12          0          0          0          0          0   __rtentry2.o
         6          0          0          0          0          0   __rtentry4.o
        52          8          0          0          0          0   __scatter.o
        26          0          0          0          0          0   __scatter_copy.o
        28          0          0          0          0          0   __scatter_zi.o
        16          0          0          0          0         68   aeabi_memset.o
        18          0          0          0          0         80   exit.o
         6          0          0          0          0        152   heapauxi.o
         0          0          0          0          0          0   indicate_semi.o
         2          0          0          0          0          0   libinit.o
         6          0          0          0          0          0   libinit2.o
         2          0          0          0          0          0   libshutdown.o
         2          0          0          0          0          0   libshutdown2.o
         8          4          0          0         96         68   libspace.o
       238          0          0          0          0        100   lludivv7m.o
        68          0          0          0          0         68   rt_memclr.o
        78          0          0          0          0         80   rt_memclr_w.o
       138          0          0          0          0         68   rt_memcpy_v6.o
       100          0          0          0          0         80   rt_memcpy_w.o
         2          0          0          0          0          0   rtexit.o
        10          0          0          0          0          0   rtexit2.o
        12          4          0          0          0         68   sys_exit.o
        74          0          0          0          0         80   sys_stackheap_outer.o
         2          0          0          0          0         68   use_no_semi.o
        98          4          0          0          0        140   d2f.o
       688        140          0          0          0        256   ddiv.o
        46          0          0          0          0        116   dflt_clz.o
       156          4          0          0          0        140   dnaninf.o
        12          0          0          0          0        116   dretinf.o
        10          0          0          0          0        116   fpinit.o
        10          0          0          0          0        116   fretinf.o
         0          0          0          0          0          0   usenofp.o

    ----------------------------------------------------------------------
      1942        164          0          0         96       2048   Library Totals
         8          0          0          0          0          0   (incl. Padding)

    ----------------------------------------------------------------------

      Code (inc. data)   RO Data    RW Data    ZI Data      Debug   Library Name

       914         16          0          0         96       1048   c_w.l
      1020        148          0          0          0       1000   fz_wm.l

    ----------------------------------------------------------------------
      1942        164          0          0         96       2048   Library Totals

    ----------------------------------------------------------------------

==============================================================================


      Code (inc. data)   RO Data    RW Data    ZI Data      Debug   

     25532       1730        548        168      27408    1017105   Grand Totals
     25532       1730        548        168      27408    1017105   ELF Image Totals
     25532       1730        548        168          0          0   ROM Totals

==============================================================================

    Total RO  Size (Code + RO Data)                26080 (  25.47kB)
    Total RW  Size (RW Data + ZI Data)             27576 (  26.93kB)
    Total ROM Size (Code + RO Data + RW Data)      26248 (  25.63kB)

==============================================================================

